Microchip MPLAB XC8 Compiler V2.20

Linker command line:

-W-3 --edf=C:\Program Files (x86)\Microchip\xc8\pic\dat\en_msgs.txt -cn \
  -h+dist/default/production\Probador_Inyectores_Pic16f886.X.production.sym \
  --cmf=dist/default/production\Probador_Inyectores_Pic16f886.X.production.cmf \
  -z -Q16F886 -oC:\Users\aguat\AppData\Local\Temp\smg.2 \
  --defsym=__MPLAB_BUILD=1 \
  -Mdist/default/production/Probador_Inyectores_Pic16f886.X.production.map \
  -E1 -ver=XC8 Compiler -ASTACK=0110h-016Fh -pstack=STACK \
  -ACODE=00h-07FFhx4 -ASTRCODE=00h-01FFFh -ASTRING=00h-0FFhx32 \
  -ACONST=00h-0FFhx32 -AENTRY=00h-0FFhx32 -ACOMMON=070h-07Fh \
  -ABANK0=020h-06Fh -ABANK1=0A0h-0EFh -ABANK2=0110h-016Fh \
  -ABANK3=0190h-01EFh -ARAM=020h-06Fh,0A0h-0EFh,0110h-016Fh,0190h-01EFh \
  -AABS1=020h-07Fh,0A0h-0EFh,0110h-016Fh,0190h-01EFh -ASFR0=00h-01Fh \
  -ASFR1=080h-09Fh -ASFR2=0100h-010Fh -ASFR3=0180h-018Fh \
  -ACONFIG=02007h-02008h -DCONFIG=2 -AIDLOC=02000h-02003h -DIDLOC=2 \
  -preset_vec=00h,intentry=04h,init,end_init -ppowerup=CODE -pcinit=CODE \
  -pfunctab=ENTRY -AEEDATA=00h-0FFh/02100h -peeprom_data=EEDATA -DEEDATA=2 \
  -DCODE=2 -DSTRCODE=2 -DSTRING=2 -DCONST=2 -DENTRY=2 -k \
  C:\Users\aguat\AppData\Local\Temp\smg.o \
  dist/default/production\Probador_Inyectores_Pic16f886.X.production.o 

Object code version is 3.11

Machine type is 16F886



                Name                               Link     Load   Length Selector   Space Scale
C:\Users\aguat\AppData\Local\Temp\smg.o
                end_init                             10       10        3        8       0
                reset_vec                             0        0        3        0       0
                config                             2007     2007        2        0       4
dist/default/production\Probador_Inyectores_Pic16f886.X.production.o
                cinit                                13       13       3A        8       0
                intentry                              4        4        C        8       0
                config                             2007     2007        2        0       4
                text50                             15AE     15AE       39     2B5C       0
                text49                             16D9     16D9       48     2DB2       0
                text48                             1451     1451       24     28A2       0
                text47                              E84      E84       BA     1D08       0
                text46                              A5D      A5D       7A     14BA       0
                text45                              7D8      7D8       27      C14       0
                text44                              D14      D14       B8     1A28       0
                text43                              988      988       67     1310       0
                text42                             13FD     13FD       18     27FA       0
                text41                              81D      81D       53     103A       0
                text40                             14C3     14C3       2B     2986       0
                text39                              870      870       53     10E0       0
                text38                             1721     1721       49     2E42       0
                text37                              9EF      9EF       6E     13DE       0
                text36                             1475     1475       25     28EA       0
                text35                              DCC      DCC       B8     1B98       0
                text34                              705      705       D3      C14       0
                text33                              AD7      AD7       7D     15AE       0
                text32                              60A      60A       FB      C14       0
                text31                              8C3      8C3       62     1186       0
                text30                             13B9     13B9        9     2772       0
                text29                             13C2     13C2        9     2784       0
                text28                              B54      B54       88     16A8       0
                text27                             169B     169B       3E     2D36       0
                text26                             142E     142E       23     285C       0
                text25                              22C      22C      128        8       0
                text24                             13EA     13EA       13     27D4       0
                text23                             15E7     15E7       3C     2BCE       0
                text22                             1623     1623       3C     2C46       0
                text21                             1547     1547       33     2A8E       0
                text20                              BDC      BDC       8C     17B8       0
                text19                             165F     165F       3C     2CBE       0
                text18                             157A     157A       34     2AF4       0
                text17                             13CB     13CB        E     2796       0
                text16                               4D       4D      1DF        8       0
                text15                             176A     176A       4B     2ED4       0
                text14                              F3E      F3E       C2     1E7C       0
                text13                             139A     139A        4     2734       0
                text12                             139E     139E        4     273C       0
                text11                              7FF      7FF        1      C14       0
                text10                              354      354      10B        8       0
                text9                              151A     151A       2D     2A34       0
                text8                               C68      C68       AC     18D0       0
                text7                              17B5     17B5       4B     2F6A       0
                text6                               45F      45F       9D        8       0
                text5                              149A     149A       29     2934       0
                text4                               925      925       63     124A       0
                text3                              13A2     13A2        7     2744       0
                text2                              1415     1415       19     282A       0
                text1                               803      803       1A     1006       0
                maintext                           14EE     14EE       2C     29DC       0
                cstackBANK0                          20       20       41       20       1
                cstackCOMMON                         70       70        8       70       1
                cstackBANK1                          C3       C3        4       A0       1
                clrtext                            13A9     13A9        8     2752       0
                inittext                           13D9     13D9       11     27B2       0
                dataBANK1                            BB       BB        8       A0       1
                bssBANK1                             A0       A0       1B       A0       1
                dataBANK0                            6B       6B        4       20       1
                bssBANK0                             61       61        A       20       1
                dataCOMMON                           78       78        2       70       1
                bssCOMMON                            7A       7A        1       70       1
                stringtext                          500      500      10A        A       0
                idataBANK1                         13B1     13B1        8     2762       0
                idataBANK0                          4FC      4FC        4        8       0
                idataCOMMON                         801      801        2     1002       0

TOTAL           Name                               Link     Load   Length     Space
        CLASS   STACK          

        CLASS   CODE           
                end_init                             10       10        3         0
                cinit                                13       13       3A         0
                intentry                              4        4        C         0
                reset_vec                             0        0        3         0
                text50                             15AE     15AE       39         0
                text49                             16D9     16D9       48         0
                text48                             1451     1451       24         0
                text47                              E84      E84       BA         0
                text46                              A5D      A5D       7A         0
                text45                              7D8      7D8       27         0
                text44                              D14      D14       B8         0
                text43                              988      988       67         0
                text42                             13FD     13FD       18         0
                text41                              81D      81D       53         0
                text40                             14C3     14C3       2B         0
                text39                              870      870       53         0
                text38                             1721     1721       49         0
                text37                              9EF      9EF       6E         0
                text36                             1475     1475       25         0
                text35                              DCC      DCC       B8         0
                text34                              705      705       D3         0
                text33                              AD7      AD7       7D         0
                text32                              60A      60A       FB         0
                text31                              8C3      8C3       62         0
                text30                             13B9     13B9        9         0
                text29                             13C2     13C2        9         0
                text28                              B54      B54       88         0
                text27                             169B     169B       3E         0
                text26                             142E     142E       23         0
                text25                              22C      22C      128         0
                text24                             13EA     13EA       13         0
                text23                             15E7     15E7       3C         0
                text22                             1623     1623       3C         0
                text21                             1547     1547       33         0
                text20                              BDC      BDC       8C         0
                text19                             165F     165F       3C         0
                text18                             157A     157A       34         0
                text17                             13CB     13CB        E         0
                text16                               4D       4D      1DF         0
                text15                             176A     176A       4B         0
                text14                              F3E      F3E       C2         0
                text13                             139A     139A        4         0
                text12                             139E     139E        4         0
                text11                              7FF      7FF        1         0
                text10                              354      354      10B         0
                text9                              151A     151A       2D         0
                text8                               C68      C68       AC         0
                text7                              17B5     17B5       4B         0
                text6                               45F      45F       9D         0
                text5                              149A     149A       29         0
                text4                               925      925       63         0
                text3                              13A2     13A2        7         0
                text2                              1415     1415       19         0
                text1                               803      803       1A         0
                maintext                           14EE     14EE       2C         0
                clrtext                            13A9     13A9        8         0
                inittext                           13D9     13D9       11         0
                idataBANK1                         13B1     13B1        8         0
                idataBANK0                          4FC      4FC        4         0
                idataCOMMON                         801      801        2         0

        CLASS   STRCODE        
                stringtext                          500      500      10A         0

        CLASS   STRING         

        CLASS   CONST          

        CLASS   ENTRY          

        CLASS   COMMON         
                cstackCOMMON                         70       70        8         1
                dataCOMMON                           78       78        2         1
                bssCOMMON                            7A       7A        1         1

        CLASS   BANK0          
                cstackBANK0                          20       20       41         1
                dataBANK0                            6B       6B        4         1
                bssBANK0                             61       61        A         1

        CLASS   BANK1          
                cstackBANK1                          C3       C3        4         1
                dataBANK1                            BB       BB        8         1
                bssBANK1                             A0       A0       1B         1

        CLASS   BANK2          

        CLASS   BANK3          

        CLASS   RAM            

        CLASS   ABS1           
                abs_s1                               7E       7E        2         1

        CLASS   SFR0           

        CLASS   SFR1           

        CLASS   SFR2           

        CLASS   SFR3           

        CLASS   CONFIG         
                config                             2007     2007        2         4

        CLASS   IDLOC          

        CLASS   EEDATA         



SEGMENTS        Name                           Load    Length   Top    Selector   Space  Class     Delta

                reset_vec                      000000  000003  000003         0       0  CODE        2
                intentry                       000004  0004FC  000500         8       0  CODE        2
                cstackBANK0                    000020  00004F  00006F        20       1  BANK0       1
                cstackCOMMON                   000070  00000B  00007B        70       1  COMMON      1
                bssBANK1                       0000A0  000027  0000C7        A0       1  BANK1       1
                stringtext                     000500  00010A  00060A         A       0  STRCODE     2
                text32                         00060A  0001F6  000800       C14       0  CODE        2
                idataCOMMON                    000801  000002  000803      1002       0  CODE        2
                text1                          000803  00001A  00081D      1006       0  CODE        2
                text41                         00081D  000053  000870      103A       0  CODE        2
                text39                         000870  000053  0008C3      10E0       0  CODE        2
                text31                         0008C3  000062  000925      1186       0  CODE        2
                text4                          000925  000063  000988      124A       0  CODE        2
                text43                         000988  000067  0009EF      1310       0  CODE        2
                text37                         0009EF  00006E  000A5D      13DE       0  CODE        2
                text46                         000A5D  00007A  000AD7      14BA       0  CODE        2
                text33                         000AD7  00007D  000B54      15AE       0  CODE        2
                text28                         000B54  000088  000BDC      16A8       0  CODE        2
                text20                         000BDC  00008C  000C68      17B8       0  CODE        2
                text8                          000C68  0000AC  000D14      18D0       0  CODE        2
                text44                         000D14  0000B8  000DCC      1A28       0  CODE        2
                text35                         000DCC  0000B8  000E84      1B98       0  CODE        2
                text47                         000E84  0000BA  000F3E      1D08       0  CODE        2
                text14                         000F3E  0000C2  001000      1E7C       0  CODE        2
                text13                         00139A  000004  00139E      2734       0  CODE        2
                text12                         00139E  000004  0013A2      273C       0  CODE        2
                text3                          0013A2  000007  0013A9      2744       0  CODE        2
                clrtext                        0013A9  000008  0013B1      2752       0  CODE        2
                idataBANK1                     0013B1  000008  0013B9      2762       0  CODE        2
                text30                         0013B9  000009  0013C2      2772       0  CODE        2
                text29                         0013C2  000009  0013CB      2784       0  CODE        2
                text17                         0013CB  00000E  0013D9      2796       0  CODE        2
                inittext                       0013D9  000011  0013EA      27B2       0  CODE        2
                text24                         0013EA  000013  0013FD      27D4       0  CODE        2
                text42                         0013FD  000018  001415      27FA       0  CODE        2
                text2                          001415  000019  00142E      282A       0  CODE        2
                text26                         00142E  000023  001451      285C       0  CODE        2
                text48                         001451  000024  001475      28A2       0  CODE        2
                text36                         001475  000025  00149A      28EA       0  CODE        2
                text5                          00149A  000029  0014C3      2934       0  CODE        2
                text40                         0014C3  00002B  0014EE      2986       0  CODE        2
                maintext                       0014EE  00002C  00151A      29DC       0  CODE        2
                text9                          00151A  00002D  001547      2A34       0  CODE        2
                text21                         001547  000033  00157A      2A8E       0  CODE        2
                text18                         00157A  000034  0015AE      2AF4       0  CODE        2
                text50                         0015AE  000039  0015E7      2B5C       0  CODE        2
                text23                         0015E7  00003C  001623      2BCE       0  CODE        2
                text22                         001623  00003C  00165F      2C46       0  CODE        2
                text19                         00165F  00003C  00169B      2CBE       0  CODE        2
                text27                         00169B  00003E  0016D9      2D36       0  CODE        2
                text49                         0016D9  000048  001721      2DB2       0  CODE        2
                text38                         001721  000049  00176A      2E42       0  CODE        2
                text15                         00176A  00004B  0017B5      2ED4       0  CODE        2
                text7                          0017B5  00004B  001800      2F6A       0  CODE        2


UNUSED ADDRESS RANGES

        Name                Unused          Largest block    Delta
        BANK0            006F-006F              1           1
        BANK1            00C7-00EF             29           1
        BANK2            0110-016F             60           1
        BANK3            0190-01EF             60           1
        CODE             0003-0003              1           2
                         0800-0800              1
                         1000-1399            39A
                         1800-1FFF            800
        COMMON           007B-007D              3           1
        CONST            0003-0003              1           2
                         0800-0800              1
                         1000-1399            100
                         1800-1FFF            100
        EEDATA           2100-21FF            100           2
        ENTRY            0003-0003              1           2
                         0800-0800              1
                         1000-1399            100
                         1800-1FFF            100
        IDLOC            2000-2003              4           2
        RAM              006F-006F              1           1
                         00C7-00EF             29
                         0110-016F             60
                         0190-01EF             60
        SFR0             0000-001F             20           1
        SFR1             0080-009F             20           1
        SFR2             0100-010F             10           1
        SFR3             0180-018F             10           1
        STACK            0110-016F             60           1
        STRCODE          0003-0003              1           2
                         0800-0800              1
                         1000-1399            39A
                         1800-1FFF            800
        STRING           0003-0003              1           2
                         0800-0800              1
                         1000-1399            100
                         1800-1FFF            100

                                  Symbol Table

?_Adc                              cstackCOMMON 0073
?___awtoft                         cstackBANK0  0023
?___ftdiv                          cstackBANK0  0036
?___ftmul                          cstackBANK0  0027
?___ftpack                         cstackCOMMON 0073
?___fttol                          cstackBANK0  0045
?___lwdiv                          cstackCOMMON 0073
?___lwmod                          cstackBANK0  0023
?___wmul                           cstackBANK0  0023
?_sprintf                          cstackBANK0  0029
Adc@channel                        cstackBANK0  0020
Adc@convertion                     cstackBANK0  0021
Adc_Rpm_Read@cent                  cstackBANK0  0059
Adc_Rpm_Read@dec_m                 cstackBANK0  005D
Adc_Rpm_Read@uni_m                 cstackBANK0  005B
Adc_Rpm_Read@valor                 cstackBANK0  005F
Detener@i                          cstackBANK0  0029
Fin_Proceso@i                      cstackBANK0  0029
LCD_array@date                     cstackBANK0  0024
LCD_array@x                        cstackBANK0  0020
LCD_array@y                        cstackBANK0  0022
LCD_character@adress               cstackBANK0  0020
LCD_character@caracter             cstackCOMMON 0076
LCD_character@i                    cstackBANK0  0021
LCD_command@cmd                    cstackCOMMON 0075
LCD_date@date                      cstackCOMMON 0075
LCD_init@i                         cstackBANK0  0020
LCD_xy@x                           cstackBANK0  0020
LCD_xy@y                           cstackBANK0  0022
Pant_Inicio@F1330                  dataBANK1    00BB
Pant_Inicio@caracter               cstackBANK0  0032
Pant_Inicio@caracter1              cstackBANK0  002A
Pant_Temporizador@buffer           cstackBANK0  003C
Pant_Val_Act@buffer                cstackBANK0  003C
_ADCON0                            (abs)        001F
_ADCON0bits                        (abs)        001F
_ADCON1bits                        (abs)        009F
_ADRESH                            (abs)        001E
_ADRESL                            (abs)        009E
_ANSELHbits                        (abs)        0189
_ANSELbits                         (abs)        0188
_Act_PwmS1                         bssBANK1     00BA
_Act_Variables                     bssCOMMON    007A
_Adc                               text38       1721
_Adc_Min_Read                      text32       060A
_Adc_Min_Read$1504                 cstackBANK0  0052
_Adc_Pwm_Read                      text28       0B54
_Adc_Pwm_Read$1503                 cstackBANK0  0052
_Adc_Rpm_Read                      text25       022C
_Adc_Rpm_Read$1502                 cstackBANK0  0056
_Adc_Temp_Read                     text31       08C3
_Adc_Temp_Read$1505                cstackBANK0  0052
_Adc_init                          text48       1451
_Antirrebote                       text45       07D8
_Delay100ms                        dataCOMMON   0078
_Delay1s                           dataBANK0    006B
_Delay200ms                        dataBANK0    006D
_Detener                           text41       081D
_Estado_Actual                     bssBANK0     0061
_Fin_Proceso                       text39       0870
_GIE                               (abs)        005F
_ISR                               text49       16D9
_LCD_array                         text43       0988
_LCD_character                     text9        151A
_LCD_command                       text47       0E84
_LCD_date                          text44       0D14
_LCD_init                          text46       0A5D
_LCD_xy                            text21       1547
_Lec_Adc_Modo_Flujo                text30       13B9
_Lec_Adc_Modo_Fuga                 text29       13C2
_Lec_Adc_Modo_Pulv                 text24       13EA
_MEF_Actualizacion                 text4        0925
_MEF_Init                          text3        13A2
_MEF_Subest_Actualizacion          text10       0354
_Min                               bssBANK0     0068
_Modo                              bssBANK0     006A
_Mostrar                           bssBANK0     0065
_Output                            bssBANK0     0063
_PEIE                              (abs)        005E
_PER_T_S1                          bssBANK1     00B0
_PORTA                             (abs)        0005
_PORTAbits                         (abs)        0005
_PORTB                             (abs)        0006
_PORTBbits                         (abs)        0006
_PORTC                             (abs)        0007
_PORTCbits                         (abs)        0007
_P_W_T_S1                          bssBANK1     00B2
_Pant_Detener                      text42       13FD
_Pant_Flujo                        text23       15E7
_Pant_Fuga                         text22       1623
_Pant_Inicio                       text8        0C68
_Pant_Menu                         text7        17B5
_Pant_Modos                        text20       0BDC
_Pant_Pulverizacion                text19       165F
_Pant_Selector                     text6        045F
_Pant_Temporizador                 text15       176A
_Pant_Val_Act                      text14       0F3E
_Per_PwmS1                         bssBANK1     00AB
_Pines_Init                        text2        1415
_Proceso_Fin                       text40       14C3
_Pw_PwmS1                          bssBANK1     00A8
_Pwm                               bssBANK0     0069
_PwmS1                             bssBANK1     00B4
_Pwm_init                          text1        0803
_RB4                               (abs)        0034
_Reset                             bssBANK0     0062
_Rpm                               bssBANK1     00AE
_Salida_Modo_Flujo                 text13       139A
_Salida_Modo_Fuga                  text12       139E
_Salida_Modo_Pulv                  text11       07FF
_Seg                               bssBANK0     0067
_Select_Modo                       text5        149A
_Subestado_Actual                  bssBANK1     00B8
_T1CONbits                         (abs)        0010
_TMR1                              (abs)        000E
_TMR1IE                            (abs)        0460
_TMR1IF                            (abs)        0060
_TMR1ON                            (abs)        0080
_TRISAbits                         (abs)        0085
_TRISB                             (abs)        0086
_TRISB4                            (abs)        0434
_TRISBbits                         (abs)        0086
_TRISC                             (abs)        0087
_TRISCbits                         (abs)        0087
_Task_Ready                        text50       15AE
_Temp                              bssBANK0     0066
_Temporizador                      bssBANK1     00B9
_WDTCONbits                        (abs)        0105
__Habs1                            abs1         0000
__Hbank0                           bank0        0000
__Hbank1                           bank1        0000
__Hbank2                           bank2        0000
__Hbank3                           bank3        0000
__HbssBANK0                        bssBANK0     0000
__HbssBANK1                        bssBANK1     0000
__HbssCOMMON                       bssCOMMON    0000
__Hcinit                           cinit        004D
__Hclrtext                         clrtext      0000
__Hcode                            code         0000
__Hcommon                          common       0000
__Hconfig                          config       2009
__HcstackBANK0                     cstackBANK0  0000
__HcstackBANK1                     cstackBANK1  0000
__HcstackCOMMON                    cstackCOMMON 0000
__HdataBANK0                       dataBANK0    0000
__HdataBANK1                       dataBANK1    0000
__HdataCOMMON                      dataCOMMON   0000
__Heeprom_data                     eeprom_data  0000
__Hend_init                        end_init     0013
__Hfunctab                         functab      0000
__HidataBANK0                      idataBANK0   0000
__HidataBANK1                      idataBANK1   0000
__HidataCOMMON                     idataCOMMON  0000
__Hinit                            init         0010
__Hinittext                        inittext     0000
__Hintentry                        intentry     0010
__Hmaintext                        maintext     0000
__Hpowerup                         powerup      0000
__Hram                             ram          0000
__Hreset_vec                       reset_vec    0003
__Hsfr0                            sfr0         0000
__Hsfr1                            sfr1         0000
__Hsfr2                            sfr2         0000
__Hsfr3                            sfr3         0000
__Hspace_0                         (abs)        1800
__Hspace_1                         (abs)        00C7
__Hspace_2                         (abs)        0000
__Hspace_3                         (abs)        0000
__Hspace_4                         (abs)        4010
__Hstack                           stack        0000
__Hstrings                         strings      0000
__Hstringtext                      stringtext   0000
__Htext                            text         0000
__Labs1                            abs1         0000
__Lbank0                           bank0        0000
__Lbank1                           bank1        0000
__Lbank2                           bank2        0000
__Lbank3                           bank3        0000
__LbssBANK0                        bssBANK0     0000
__LbssBANK1                        bssBANK1     0000
__LbssCOMMON                       bssCOMMON    0000
__Lcinit                           cinit        0013
__Lclrtext                         clrtext      0000
__Lcode                            code         0000
__Lcommon                          common       0000
__Lconfig                          config       0000
__LcstackBANK0                     cstackBANK0  0000
__LcstackBANK1                     cstackBANK1  0000
__LcstackCOMMON                    cstackCOMMON 0000
__LdataBANK0                       dataBANK0    0000
__LdataBANK1                       dataBANK1    0000
__LdataCOMMON                      dataCOMMON   0000
__Leeprom_data                     eeprom_data  0000
__Lend_init                        end_init     0010
__Lfunctab                         functab      0000
__LidataBANK0                      idataBANK0   0000
__LidataBANK1                      idataBANK1   0000
__LidataCOMMON                     idataCOMMON  0000
__Linit                            init         0010
__Linittext                        inittext     0000
__Lintentry                        intentry     0004
__Lmaintext                        maintext     0000
__Lpowerup                         powerup      0000
__Lram                             ram          0000
__Lreset_vec                       reset_vec    0000
__Lsfr0                            sfr0         0000
__Lsfr1                            sfr1         0000
__Lsfr2                            sfr2         0000
__Lsfr3                            sfr3         0000
__Lspace_0                         (abs)        0000
__Lspace_1                         (abs)        0000
__Lspace_2                         (abs)        0000
__Lspace_3                         (abs)        0000
__Lspace_4                         (abs)        0000
__Lstack                           stack        0000
__Lstrings                         strings      0000
__Lstringtext                      stringtext   0000
__Ltext                            text         0000
__S0                               (abs)        1800
__S1                               (abs)        00C7
__S2                               (abs)        0000
__S3                               (abs)        0000
___awtoft                          text36       1475
___awtoft@c                        cstackBANK0  0023
___awtoft@sign                     cstackBANK0  0026
___ftdiv                           text35       0DCC
___ftdiv@cntr                      cstackBANK0  003F
___ftdiv@exp                       cstackBANK0  0043
___ftdiv@f1                        cstackBANK0  0039
___ftdiv@f2                        cstackBANK0  0036
___ftdiv@f3                        cstackBANK0  0040
___ftdiv@sign                      cstackBANK0  0044
___ftmul                           text34       0705
___ftmul@cntr                      cstackBANK0  0034
___ftmul@exp                       cstackBANK0  0030
___ftmul@f1                        cstackBANK0  0027
___ftmul@f2                        cstackBANK0  002A
___ftmul@f3_as_product             cstackBANK0  0031
___ftmul@sign                      cstackBANK0  0035
___ftpack                          text37       09EF
___ftpack@arg                      cstackCOMMON 0073
___ftpack@exp                      cstackCOMMON 0076
___ftpack@sign                     cstackCOMMON 0077
___fttol                           text33       0AD7
___fttol@exp1                      cstackBANK0  0051
___fttol@f1                        cstackBANK0  0045
___fttol@lval                      cstackBANK0  004D
___fttol@sign1                     cstackBANK0  004C
___int_sp                          stack        0000
___latbits                         (abs)        0002
___lwdiv                           text27       169B
___lwdiv@counter                   cstackBANK0  0020
___lwdiv@dividend                  cstackCOMMON 0075
___lwdiv@divisor                   cstackCOMMON 0073
___lwdiv@quotient                  cstackBANK0  0021
___lwmod                           text18       157A
___lwmod@counter                   cstackCOMMON 0077
___lwmod@dividend                  cstackBANK0  0025
___lwmod@divisor                   cstackBANK0  0023
___sp                              stack        0000
___stackhi                         (abs)        0000
___stacklo                         (abs)        0000
___wmul                            text26       142E
___wmul@multiplicand               cstackBANK0  0025
___wmul@multiplier                 cstackBANK0  0023
___wmul@product                    cstackBANK0  0027
__end_of_Adc                       text38       176A
__end_of_Adc_Min_Read              text32       0705
__end_of_Adc_Pwm_Read              text28       0BDC
__end_of_Adc_Rpm_Read              text25       0354
__end_of_Adc_Temp_Read             text31       0925
__end_of_Adc_init                  text48       1475
__end_of_Antirrebote               text45       07FF
__end_of_Detener                   text41       0870
__end_of_Fin_Proceso               text39       08C3
__end_of_ISR                       text49       1721
__end_of_LCD_array                 text43       09EF
__end_of_LCD_character             text9        1547
__end_of_LCD_command               text47       0F3E
__end_of_LCD_date                  text44       0DCC
__end_of_LCD_init                  text46       0AD7
__end_of_LCD_xy                    text21       157A
__end_of_Lec_Adc_Modo_Flujo        text30       13C2
__end_of_Lec_Adc_Modo_Fuga         text29       13CB
__end_of_Lec_Adc_Modo_Pulv         text24       13FD
__end_of_MEF_Actualizacion         text4        0988
__end_of_MEF_Init                  text3        13A9
__end_of_MEF_Subest_Actualizacion  text10       045F
__end_of_Pant_Detener              text42       1415
__end_of_Pant_Flujo                text23       1623
__end_of_Pant_Fuga                 text22       165F
__end_of_Pant_Inicio               text8        0D14
__end_of_Pant_Menu                 text7        1800
__end_of_Pant_Modos                text20       0C68
__end_of_Pant_Pulverizacion        text19       169B
__end_of_Pant_Selector             text6        04FC
__end_of_Pant_Temporizador         text15       17B5
__end_of_Pant_Val_Act              text14       1000
__end_of_Pines_Init                text2        142E
__end_of_Proceso_Fin               text40       14EE
__end_of_Pwm_init                  text1        081D
__end_of_Salida_Modo_Flujo         text13       139E
__end_of_Salida_Modo_Fuga          text12       13A2
__end_of_Salida_Modo_Pulv          text11       0800
__end_of_Select_Modo               text5        14C3
__end_of_Task_Ready                text50       15E7
__end_of___awtoft                  text36       149A
__end_of___ftdiv                   text35       0E84
__end_of___ftmul                   text34       07D8
__end_of___ftpack                  text37       0A5D
__end_of___fttol                   text33       0B54
__end_of___lwdiv                   text27       16D9
__end_of___lwmod                   text18       15AE
__end_of___wmul                    text26       1451
__end_of__initialization           cinit        0049
__end_of__stringtab                stringtext   0512
__end_of_dpowers                   stringtext   051C
__end_of_isdigit                   text17       13D9
__end_of_main                      maintext     151A
__end_of_sprintf                   text16       022C
__initialization                   cinit        0013
__pbssBANK0                        bssBANK0     0061
__pbssBANK1                        bssBANK1     00A0
__pbssCOMMON                       bssCOMMON    007A
__pcstackBANK0                     cstackBANK0  0020
__pcstackBANK1                     cstackBANK1  00C3
__pcstackCOMMON                    cstackCOMMON 0070
__pdataBANK0                       dataBANK0    006B
__pdataBANK1                       dataBANK1    00BB
__pdataCOMMON                      dataCOMMON   0078
__pidataBANK0                      idataBANK0   04FC
__pidataBANK1                      idataBANK1   13B1
__pidataCOMMON                     idataCOMMON  0801
__pintentry                        intentry     0004
__pmaintext                        maintext     14EE
__pstringtext                      stringtext   0500
__ptext1                           text1        0803
__ptext10                          text10       0354
__ptext11                          text11       07FF
__ptext12                          text12       139E
__ptext13                          text13       139A
__ptext14                          text14       0F3E
__ptext15                          text15       176A
__ptext16                          text16       004D
__ptext17                          text17       13CB
__ptext18                          text18       157A
__ptext19                          text19       165F
__ptext2                           text2        1415
__ptext20                          text20       0BDC
__ptext21                          text21       1547
__ptext22                          text22       1623
__ptext23                          text23       15E7
__ptext24                          text24       13EA
__ptext25                          text25       022C
__ptext26                          text26       142E
__ptext27                          text27       169B
__ptext28                          text28       0B54
__ptext29                          text29       13C2
__ptext3                           text3        13A2
__ptext30                          text30       13B9
__ptext31                          text31       08C3
__ptext32                          text32       060A
__ptext33                          text33       0AD7
__ptext34                          text34       0705
__ptext35                          text35       0DCC
__ptext36                          text36       1475
__ptext37                          text37       09EF
__ptext38                          text38       1721
__ptext39                          text39       0870
__ptext4                           text4        0925
__ptext40                          text40       14C3
__ptext41                          text41       081D
__ptext42                          text42       13FD
__ptext43                          text43       0988
__ptext44                          text44       0D14
__ptext45                          text45       07D8
__ptext46                          text46       0A5D
__ptext47                          text47       0E84
__ptext48                          text48       1451
__ptext49                          text49       16D9
__ptext5                           text5        149A
__ptext50                          text50       15AE
__ptext6                           text6        045F
__ptext7                           text7        17B5
__ptext8                           text8        0C68
__ptext9                           text9        151A
__size_of_Adc                      (abs)        0000
__size_of_Adc_Min_Read             (abs)        0000
__size_of_Adc_Pwm_Read             (abs)        0000
__size_of_Adc_Rpm_Read             (abs)        0000
__size_of_Adc_Temp_Read            (abs)        0000
__size_of_Adc_init                 (abs)        0000
__size_of_Antirrebote              (abs)        0000
__size_of_Detener                  (abs)        0000
__size_of_Fin_Proceso              (abs)        0000
__size_of_ISR                      (abs)        0000
__size_of_LCD_array                (abs)        0000
__size_of_LCD_character            (abs)        0000
__size_of_LCD_command              (abs)        0000
__size_of_LCD_date                 (abs)        0000
__size_of_LCD_init                 (abs)        0000
__size_of_LCD_xy                   (abs)        0000
__size_of_Lec_Adc_Modo_Flujo       (abs)        0000
__size_of_Lec_Adc_Modo_Fuga        (abs)        0000
__size_of_Lec_Adc_Modo_Pulv        (abs)        0000
__size_of_MEF_Actualizacion        (abs)        0000
__size_of_MEF_Init                 (abs)        0000
__size_of_MEF_Subest_Actualizacion (abs)        0000
__size_of_Pant_Detener             (abs)        0000
__size_of_Pant_Flujo               (abs)        0000
__size_of_Pant_Fuga                (abs)        0000
__size_of_Pant_Inicio              (abs)        0000
__size_of_Pant_Menu                (abs)        0000
__size_of_Pant_Modos               (abs)        0000
__size_of_Pant_Pulverizacion       (abs)        0000
__size_of_Pant_Selector            (abs)        0000
__size_of_Pant_Temporizador        (abs)        0000
__size_of_Pant_Val_Act             (abs)        0000
__size_of_Pines_Init               (abs)        0000
__size_of_Proceso_Fin              (abs)        0000
__size_of_Pwm_init                 (abs)        0000
__size_of_Salida_Modo_Flujo        (abs)        0000
__size_of_Salida_Modo_Fuga         (abs)        0000
__size_of_Salida_Modo_Pulv         (abs)        0000
__size_of_Select_Modo              (abs)        0000
__size_of_Task_Ready               (abs)        0000
__size_of___awtoft                 (abs)        0000
__size_of___ftdiv                  (abs)        0000
__size_of___ftmul                  (abs)        0000
__size_of___ftpack                 (abs)        0000
__size_of___fttol                  (abs)        0000
__size_of___lwdiv                  (abs)        0000
__size_of___lwmod                  (abs)        0000
__size_of___wmul                   (abs)        0000
__size_of_isdigit                  (abs)        0000
__size_of_main                     (abs)        0000
__size_of_sprintf                  (abs)        0000
__stringbase                       stringtext   0512
__stringtab                        stringtext   0500
_dpowers                           stringtext   0512
_freqPwmS1                         bssBANK1     00B6
_isdigit                           text17       13CB
_isdigit$1305                      cstackCOMMON 0073
_main                              maintext     14EE
_mod_tiempo                        bssBANK0     0064
_sprintf                           text16       004D
btemp                              (abs)        007E
clear_ram0                         clrtext      13A9
end_of_initialization              cinit        0049
init_fetch0                        inittext     13D9
init_ram0                          inittext     13DD
interrupt_function                 intentry     0004
intlevel0                          functab      0000
intlevel1                          functab      0000
intlevel2                          functab      0000
intlevel3                          functab      0000
intlevel4                          functab      0000
intlevel5                          functab      0000
isdigit@c                          cstackCOMMON 0074
reset_vec                          reset_vec    0000
saved_w                            (abs)        007E
sprintf@ap                         cstackBANK0  0032
sprintf@c                          cstackBANK0  0038
sprintf@f                          cstackBANK0  0029
sprintf@flag                       cstackBANK0  0035
sprintf@prec                       cstackBANK0  0031
sprintf@sp                         cstackBANK0  0039
sprintf@val                        cstackBANK0  0033
sprintf@width                      cstackBANK0  0036
start                              init         0010
start_initialization               cinit        0013
wtemp0                             (abs)        007E


FUNCTION INFORMATION:

 *************** function _main *****************
 Defined at:
		line 35 in file "Main.c"
 Parameters:    Size  Location     Type
		None
 Auto vars:     Size  Location     Type
		None
 Return value:  Size  Location     Type
                  1    wreg      void 
 Registers used:
		wreg, fsr0l, fsr0h, status,2, status,0, btemp+1, pclath, cstack
 Tracked objects:
		On entry : 
		On exit  : 
		Unchanged: 
 Data sizes:     COMMON   BANK0   BANK1   BANK3   BANK2
      Params:         0       0       0       0       0
      Locals:         0       0       0       0       0
      Temps:          0       0       0       0       0
      Totals:         0       0       0       0       0
Total ram usage:        0 bytes
 Hardware stack levels required when called:    8
 This function calls:
		_Adc_init
		_LCD_init
		_MEF_Actualizacion
		_MEF_Init
		_Pines_Init
		_Pwm_init
 This function is called by:
		Startup code after reset
 This function uses a non-reentrant model


 *************** function _Pwm_init *****************
 Defined at:
		line 5 in file "Pwm_Soft.c"
 Parameters:    Size  Location     Type
		None
 Auto vars:     Size  Location     Type
		None
 Return value:  Size  Location     Type
                  1    wreg      void 
 Registers used:
		wreg, status,2, status,0
 Tracked objects:
		On entry : 
		On exit  : 
		Unchanged: 
 Data sizes:     COMMON   BANK0   BANK1   BANK3   BANK2
      Params:         0       0       0       0       0
      Locals:         0       0       0       0       0
      Temps:          0       0       0       0       0
      Totals:         0       0       0       0       0
Total ram usage:        0 bytes
 Hardware stack levels used:    1
 Hardware stack levels required when called:    2
 This function calls:
		Nothing
 This function is called by:
		_main
 This function uses a non-reentrant model


 *************** function _Pines_Init *****************
 Defined at:
		line 57 in file "Main.c"
 Parameters:    Size  Location     Type
		None
 Auto vars:     Size  Location     Type
		None
 Return value:  Size  Location     Type
                  1    wreg      void 
 Registers used:
		wreg, status,2
 Tracked objects:
		On entry : 
		On exit  : 
		Unchanged: 
 Data sizes:     COMMON   BANK0   BANK1   BANK3   BANK2
      Params:         0       0       0       0       0
      Locals:         0       0       0       0       0
      Temps:          0       0       0       0       0
      Totals:         0       0       0       0       0
Total ram usage:        0 bytes
 Hardware stack levels used:    1
 Hardware stack levels required when called:    2
 This function calls:
		Nothing
 This function is called by:
		_main
 This function uses a non-reentrant model


 *************** function _MEF_Init *****************
 Defined at:
		line 40 in file "MEF.c"
 Parameters:    Size  Location     Type
		None
 Auto vars:     Size  Location     Type
		None
 Return value:  Size  Location     Type
                  1    wreg      void 
 Registers used:
		status,2
 Tracked objects:
		On entry : 
		On exit  : 
		Unchanged: 
 Data sizes:     COMMON   BANK0   BANK1   BANK3   BANK2
      Params:         0       0       0       0       0
      Locals:         0       0       0       0       0
      Temps:          0       0       0       0       0
      Totals:         0       0       0       0       0
Total ram usage:        0 bytes
 Hardware stack levels used:    1
 Hardware stack levels required when called:    2
 This function calls:
		Nothing
 This function is called by:
		_main
 This function uses a non-reentrant model


 *************** function _MEF_Actualizacion *****************
 Defined at:
		line 48 in file "MEF.c"
 Parameters:    Size  Location     Type
		None
 Auto vars:     Size  Location     Type
		None
 Return value:  Size  Location     Type
                  1    wreg      void 
 Registers used:
		wreg, fsr0l, fsr0h, status,2, status,0, btemp+1, pclath, cstack
 Tracked objects:
		On entry : 
		On exit  : 
		Unchanged: 
 Data sizes:     COMMON   BANK0   BANK1   BANK3   BANK2
      Params:         0       0       0       0       0
      Locals:         0       0       0       0       0
      Temps:          0       0       2       0       0
      Totals:         0       0       2       0       0
Total ram usage:        2 bytes
 Hardware stack levels used:    1
 Hardware stack levels required when called:    7
 This function calls:
		_Antirrebote
		_MEF_Subest_Actualizacion
		_Pant_Inicio
		_Select_Modo
 This function is called by:
		_main
 This function uses a non-reentrant model


 *************** function _Select_Modo *****************
 Defined at:
		line 14 in file "Menu_Modo.c"
 Parameters:    Size  Location     Type
		None
 Auto vars:     Size  Location     Type
		None
 Return value:  Size  Location     Type
                  1    wreg      void 
 Registers used:
		wreg, fsr0l, fsr0h, status,2, status,0, btemp+1, pclath, cstack
 Tracked objects:
		On entry : 
		On exit  : 
		Unchanged: 
 Data sizes:     COMMON   BANK0   BANK1   BANK3   BANK2
      Params:         0       0       0       0       0
      Locals:         0       0       0       0       0
      Temps:          0       0       0       0       0
      Totals:         0       0       0       0       0
Total ram usage:        0 bytes
 Hardware stack levels used:    1
 Hardware stack levels required when called:    5
 This function calls:
		_Antirrebote
		_Pant_Menu
		_Pant_Selector
 This function is called by:
		_MEF_Actualizacion
 This function uses a non-reentrant model


 *************** function _Pant_Selector *****************
 Defined at:
		line 44 in file "Display_Lcd.c"
 Parameters:    Size  Location     Type
		None
 Auto vars:     Size  Location     Type
		None
 Return value:  Size  Location     Type
                  1    wreg      void 
 Registers used:
		wreg, fsr0l, fsr0h, status,2, status,0, btemp+1, pclath, cstack
 Tracked objects:
		On entry : 
		On exit  : 
		Unchanged: 
 Data sizes:     COMMON   BANK0   BANK1   BANK3   BANK2
      Params:         0       0       0       0       0
      Locals:         0       0       0       0       0
      Temps:          0       0       0       0       0
      Totals:         0       0       0       0       0
Total ram usage:        0 bytes
 Hardware stack levels used:    1
 Hardware stack levels required when called:    4
 This function calls:
		_LCD_array
 This function is called by:
		_Select_Modo
 This function uses a non-reentrant model


 *************** function _Pant_Menu *****************
 Defined at:
		line 54 in file "Display_Lcd.c"
 Parameters:    Size  Location     Type
		None
 Auto vars:     Size  Location     Type
		None
 Return value:  Size  Location     Type
                  1    wreg      void 
 Registers used:
		wreg, fsr0l, fsr0h, status,2, status,0, btemp+1, pclath, cstack
 Tracked objects:
		On entry : 
		On exit  : 
		Unchanged: 
 Data sizes:     COMMON   BANK0   BANK1   BANK3   BANK2
      Params:         0       0       0       0       0
      Locals:         0       0       0       0       0
      Temps:          0       0       0       0       0
      Totals:         0       0       0       0       0
Total ram usage:        0 bytes
 Hardware stack levels used:    1
 Hardware stack levels required when called:    4
 This function calls:
		_LCD_array
 This function is called by:
		_Select_Modo
 This function uses a non-reentrant model


 *************** function _Pant_Inicio *****************
 Defined at:
		line 8 in file "Display_Lcd.c"
 Parameters:    Size  Location     Type
		None
 Auto vars:     Size  Location     Type
  caracter        8   18[BANK0 ] unsigned char [8]
  caracter1       8   10[BANK0 ] unsigned char [8]
 Return value:  Size  Location     Type
                  1    wreg      void 
 Registers used:
		wreg, fsr0l, fsr0h, status,2, status,0, btemp+1, pclath, cstack
 Tracked objects:
		On entry : 
		On exit  : 
		Unchanged: 
 Data sizes:     COMMON   BANK0   BANK1   BANK3   BANK2
      Params:         0       0       0       0       0
      Locals:         0      16       0       0       0
      Temps:          0       4       0       0       0
      Totals:         0      20       0       0       0
Total ram usage:       20 bytes
 Hardware stack levels used:    1
 Hardware stack levels required when called:    4
 This function calls:
		_LCD_array
		_LCD_character
		_LCD_command
 This function is called by:
		_MEF_Actualizacion
 This function uses a non-reentrant model


 *************** function _LCD_character *****************
 Defined at:
		line 197 in file "Lcd.c"
 Parameters:    Size  Location     Type
  adress          1    wreg     unsigned char 
  caracter        1    6[COMMON] PTR unsigned char 
		 -> Pant_Inicio@caracter(8), Pant_Inicio@caracter1(8), 
 Auto vars:     Size  Location     Type
  adress          1    0[BANK0 ] unsigned char 
  i               1    1[BANK0 ] unsigned char 
 Return value:  Size  Location     Type
                  1    wreg      void 
 Registers used:
		wreg, fsr0l, fsr0h, status,2, status,0, btemp+1, pclath, cstack
 Tracked objects:
		On entry : 
		On exit  : 
		Unchanged: 
 Data sizes:     COMMON   BANK0   BANK1   BANK3   BANK2
      Params:         1       0       0       0       0
      Locals:         0       2       0       0       0
      Temps:          1       0       0       0       0
      Totals:         2       2       0       0       0
Total ram usage:        4 bytes
 Hardware stack levels used:    1
 Hardware stack levels required when called:    3
 This function calls:
		_LCD_command
		_LCD_date
 This function is called by:
		_Pant_Inicio
 This function uses a non-reentrant model


 *************** function _MEF_Subest_Actualizacion *****************
 Defined at:
		line 102 in file "MEF.c"
 Parameters:    Size  Location     Type
		None
 Auto vars:     Size  Location     Type
		None
 Return value:  Size  Location     Type
                  1    wreg      void 
 Registers used:
		wreg, fsr0l, fsr0h, status,2, status,0, btemp+1, pclath, cstack
 Tracked objects:
		On entry : 
		On exit  : 
		Unchanged: 
 Data sizes:     COMMON   BANK0   BANK1   BANK3   BANK2
      Params:         0       0       0       0       0
      Locals:         0       0       0       0       0
      Temps:          0       0       2       0       0
      Totals:         0       0       2       0       0
Total ram usage:        2 bytes
 Hardware stack levels used:    1
 Hardware stack levels required when called:    6
 This function calls:
		_Antirrebote
		_Detener
		_Fin_Proceso
		_LCD_command
		_Lec_Adc_Modo_Flujo
		_Lec_Adc_Modo_Fuga
		_Lec_Adc_Modo_Pulv
		_Pant_Flujo
		_Pant_Fuga
		_Pant_Modos
		_Pant_Pulverizacion
		_Pant_Temporizador
		_Pant_Val_Act
		_Salida_Modo_Flujo
		_Salida_Modo_Fuga
		_Salida_Modo_Pulv
 This function is called by:
		_MEF_Actualizacion
 This function uses a non-reentrant model


 *************** function _Salida_Modo_Pulv *****************
 Defined at:
		line 21 in file "Modo_Pulverizacion.c"
 Parameters:    Size  Location     Type
		None
 Auto vars:     Size  Location     Type
		None
 Return value:  Size  Location     Type
                  1    wreg      void 
 Registers used:
		None
 Tracked objects:
		On entry : 
		On exit  : 
		Unchanged: 
 Data sizes:     COMMON   BANK0   BANK1   BANK3   BANK2
      Params:         0       0       0       0       0
      Locals:         0       0       0       0       0
      Temps:          0       0       0       0       0
      Totals:         0       0       0       0       0
Total ram usage:        0 bytes
 Hardware stack levels used:    1
 Hardware stack levels required when called:    2
 This function calls:
		Nothing
 This function is called by:
		_MEF_Subest_Actualizacion
 This function uses a non-reentrant model


 *************** function _Salida_Modo_Fuga *****************
 Defined at:
		line 15 in file "Modo_Fuga.c"
 Parameters:    Size  Location     Type
		None
 Auto vars:     Size  Location     Type
		None
 Return value:  Size  Location     Type
                  1    wreg      void 
 Registers used:
		None
 Tracked objects:
		On entry : 
		On exit  : 
		Unchanged: 
 Data sizes:     COMMON   BANK0   BANK1   BANK3   BANK2
      Params:         0       0       0       0       0
      Locals:         0       0       0       0       0
      Temps:          0       0       0       0       0
      Totals:         0       0       0       0       0
Total ram usage:        0 bytes
 Hardware stack levels used:    1
 Hardware stack levels required when called:    2
 This function calls:
		Nothing
 This function is called by:
		_MEF_Subest_Actualizacion
 This function uses a non-reentrant model


 *************** function _Salida_Modo_Flujo *****************
 Defined at:
		line 15 in file "Modo_Flujo.c"
 Parameters:    Size  Location     Type
		None
 Auto vars:     Size  Location     Type
		None
 Return value:  Size  Location     Type
                  1    wreg      void 
 Registers used:
		None
 Tracked objects:
		On entry : 
		On exit  : 
		Unchanged: 
 Data sizes:     COMMON   BANK0   BANK1   BANK3   BANK2
      Params:         0       0       0       0       0
      Locals:         0       0       0       0       0
      Temps:          0       0       0       0       0
      Totals:         0       0       0       0       0
Total ram usage:        0 bytes
 Hardware stack levels used:    1
 Hardware stack levels required when called:    2
 This function calls:
		Nothing
 This function is called by:
		_MEF_Subest_Actualizacion
 This function uses a non-reentrant model


 *************** function _Pant_Val_Act *****************
 Defined at:
		line 76 in file "Display_Lcd.c"
 Parameters:    Size  Location     Type
		None
 Auto vars:     Size  Location     Type
  buffer         20   28[BANK0 ] unsigned char [20]
 Return value:  Size  Location     Type
                  1    wreg      void 
 Registers used:
		wreg, fsr0l, fsr0h, status,2, status,0, btemp+1, pclath, cstack
 Tracked objects:
		On entry : 
		On exit  : 
		Unchanged: 
 Data sizes:     COMMON   BANK0   BANK1   BANK3   BANK2
      Params:         0       0       0       0       0
      Locals:         0      20       0       0       0
      Temps:          0       2       0       0       0
      Totals:         0      22       0       0       0
Total ram usage:       22 bytes
 Hardware stack levels used:    1
 Hardware stack levels required when called:    4
 This function calls:
		_LCD_array
		_sprintf
 This function is called by:
		_MEF_Subest_Actualizacion
 This function uses a non-reentrant model


 *************** function _Pant_Temporizador *****************
 Defined at:
		line 94 in file "Display_Lcd.c"
 Parameters:    Size  Location     Type
		None
 Auto vars:     Size  Location     Type
  buffer         20   28[BANK0 ] unsigned char [20]
 Return value:  Size  Location     Type
                  1    wreg      void 
 Registers used:
		wreg, fsr0l, fsr0h, status,2, status,0, btemp+1, pclath, cstack
 Tracked objects:
		On entry : 
		On exit  : 
		Unchanged: 
 Data sizes:     COMMON   BANK0   BANK1   BANK3   BANK2
      Params:         0       0       0       0       0
      Locals:         0      20       0       0       0
      Temps:          0       2       0       0       0
      Totals:         0      22       0       0       0
Total ram usage:       22 bytes
 Hardware stack levels used:    1
 Hardware stack levels required when called:    4
 This function calls:
		_LCD_array
		_sprintf
 This function is called by:
		_MEF_Subest_Actualizacion
 This function uses a non-reentrant model


 *************** function _sprintf *****************
 Defined at:
		line 505 in file "C:\Program Files (x86)\Microchip\xc8\pic\sources\c90\common\doprnt.c"
 Parameters:    Size  Location     Type
  sp              1    wreg     PTR unsigned char 
		 -> Pant_Temporizador@buffer(20), Pant_Val_Act@buffer(20), 
  f               2    9[BANK0 ] PTR const unsigned char 
		 -> STR_30(5), STR_29(5), STR_28(5), STR_27(5), 
		 -> STR_26(5), STR_25(5), STR_24(5), 
 Auto vars:     Size  Location     Type
  sp              1   25[BANK0 ] PTR unsigned char 
		 -> Pant_Temporizador@buffer(20), Pant_Val_Act@buffer(20), 
  tmpval          4    0        struct .
  width           2   22[BANK0 ] int 
  val             2   19[BANK0 ] unsigned int 
  cp              2    0        PTR const unsigned char 
  len             2    0        unsigned int 
  c               1   24[BANK0 ] unsigned char 
  flag            1   21[BANK0 ] unsigned char 
  ap              1   18[BANK0 ] PTR void [1]
		 -> ?_sprintf(2), 
  prec            1   17[BANK0 ] char 
 Return value:  Size  Location     Type
                  2    9[BANK0 ] int 
 Registers used:
		wreg, fsr0l, fsr0h, status,2, status,0, btemp+1, pclath, cstack
 Tracked objects:
		On entry : 
		On exit  : 
		Unchanged: 
 Data sizes:     COMMON   BANK0   BANK1   BANK3   BANK2
      Params:         0       4       0       0       0
      Locals:         0       9       0       0       0
      Temps:          0       4       0       0       0
      Totals:         0      17       0       0       0
Total ram usage:       17 bytes
 Hardware stack levels used:    1
 Hardware stack levels required when called:    3
 This function calls:
		___lwdiv
		___lwmod
		___wmul
		_isdigit
 This function is called by:
		_Pant_Val_Act
		_Pant_Temporizador
 This function uses a non-reentrant model


 *************** function _isdigit *****************
 Defined at:
		line 8 in file "C:\Program Files (x86)\Microchip\xc8\pic\sources\c90\common\isdigit.c"
 Parameters:    Size  Location     Type
  c               1    wreg     unsigned char 
 Auto vars:     Size  Location     Type
  c               1    4[COMMON] unsigned char 
 Return value:  Size  Location     Type
		None               void
 Registers used:
		wreg, status,2, status,0
 Tracked objects:
		On entry : 
		On exit  : 
		Unchanged: 
 Data sizes:     COMMON   BANK0   BANK1   BANK3   BANK2
      Params:         0       0       0       0       0
      Locals:         2       0       0       0       0
      Temps:          0       0       0       0       0
      Totals:         2       0       0       0       0
Total ram usage:        2 bytes
 Hardware stack levels used:    1
 Hardware stack levels required when called:    2
 This function calls:
		Nothing
 This function is called by:
		_sprintf
 This function uses a non-reentrant model


 *************** function ___lwmod *****************
 Defined at:
		line 5 in file "C:\Program Files (x86)\Microchip\xc8\pic\sources\c90\common\lwmod.c"
 Parameters:    Size  Location     Type
  divisor         2    3[BANK0 ] unsigned int 
  dividend        2    5[BANK0 ] unsigned int 
 Auto vars:     Size  Location     Type
  counter         1    7[COMMON] unsigned char 
 Return value:  Size  Location     Type
                  2    3[BANK0 ] unsigned int 
 Registers used:
		wreg, status,2, status,0, btemp+1
 Tracked objects:
		On entry : 
		On exit  : 
		Unchanged: 
 Data sizes:     COMMON   BANK0   BANK1   BANK3   BANK2
      Params:         0       4       0       0       0
      Locals:         1       0       0       0       0
      Temps:          0       0       0       0       0
      Totals:         1       4       0       0       0
Total ram usage:        5 bytes
 Hardware stack levels used:    1
 Hardware stack levels required when called:    2
 This function calls:
		Nothing
 This function is called by:
		_sprintf
 This function uses a non-reentrant model


 *************** function _Pant_Pulverizacion *****************
 Defined at:
		line 114 in file "Display_Lcd.c"
 Parameters:    Size  Location     Type
		None
 Auto vars:     Size  Location     Type
		None
 Return value:  Size  Location     Type
                  1    wreg      void 
 Registers used:
		wreg, fsr0l, fsr0h, status,2, status,0, btemp+1, pclath, cstack
 Tracked objects:
		On entry : 
		On exit  : 
		Unchanged: 
 Data sizes:     COMMON   BANK0   BANK1   BANK3   BANK2
      Params:         0       0       0       0       0
      Locals:         0       0       0       0       0
      Temps:          0       3       0       0       0
      Totals:         0       3       0       0       0
Total ram usage:        3 bytes
 Hardware stack levels used:    1
 Hardware stack levels required when called:    4
 This function calls:
		_LCD_array
		_LCD_command
 This function is called by:
		_MEF_Subest_Actualizacion
 This function uses a non-reentrant model


 *************** function _Pant_Modos *****************
 Defined at:
		line 64 in file "Display_Lcd.c"
 Parameters:    Size  Location     Type
		None
 Auto vars:     Size  Location     Type
		None
 Return value:  Size  Location     Type
                  1    wreg      void 
 Registers used:
		wreg, fsr0l, fsr0h, status,2, status,0, btemp+1, pclath, cstack
 Tracked objects:
		On entry : 
		On exit  : 
		Unchanged: 
 Data sizes:     COMMON   BANK0   BANK1   BANK3   BANK2
      Params:         0       0       0       0       0
      Locals:         0       0       0       0       0
      Temps:          0       0       0       0       0
      Totals:         0       0       0       0       0
Total ram usage:        0 bytes
 Hardware stack levels used:    1
 Hardware stack levels required when called:    4
 This function calls:
		_LCD_array
		_LCD_command
		_LCD_date
		_LCD_xy
 This function is called by:
		_MEF_Subest_Actualizacion
 This function uses a non-reentrant model


 *************** function _LCD_xy *****************
 Defined at:
		line 163 in file "Lcd.c"
 Parameters:    Size  Location     Type
  x               2    0[BANK0 ] int 
  y               2    2[BANK0 ] int 
 Auto vars:     Size  Location     Type
		None
 Return value:  Size  Location     Type
                  1    wreg      void 
 Registers used:
		wreg, fsr0l, fsr0h, status,2, status,0, pclath, cstack
 Tracked objects:
		On entry : 
		On exit  : 
		Unchanged: 
 Data sizes:     COMMON   BANK0   BANK1   BANK3   BANK2
      Params:         0       4       0       0       0
      Locals:         0       0       0       0       0
      Temps:          0       0       0       0       0
      Totals:         0       4       0       0       0
Total ram usage:        4 bytes
 Hardware stack levels used:    1
 Hardware stack levels required when called:    3
 This function calls:
		_LCD_command
 This function is called by:
		_Pant_Modos
 This function uses a non-reentrant model


 *************** function _Pant_Fuga *****************
 Defined at:
		line 124 in file "Display_Lcd.c"
 Parameters:    Size  Location     Type
		None
 Auto vars:     Size  Location     Type
		None
 Return value:  Size  Location     Type
                  1    wreg      void 
 Registers used:
		wreg, fsr0l, fsr0h, status,2, status,0, btemp+1, pclath, cstack
 Tracked objects:
		On entry : 
		On exit  : 
		Unchanged: 
 Data sizes:     COMMON   BANK0   BANK1   BANK3   BANK2
      Params:         0       0       0       0       0
      Locals:         0       0       0       0       0
      Temps:          0       3       0       0       0
      Totals:         0       3       0       0       0
Total ram usage:        3 bytes
 Hardware stack levels used:    1
 Hardware stack levels required when called:    4
 This function calls:
		_LCD_array
		_LCD_command
 This function is called by:
		_MEF_Subest_Actualizacion
 This function uses a non-reentrant model


 *************** function _Pant_Flujo *****************
 Defined at:
		line 134 in file "Display_Lcd.c"
 Parameters:    Size  Location     Type
		None
 Auto vars:     Size  Location     Type
		None
 Return value:  Size  Location     Type
                  1    wreg      void 
 Registers used:
		wreg, fsr0l, fsr0h, status,2, status,0, btemp+1, pclath, cstack
 Tracked objects:
		On entry : 
		On exit  : 
		Unchanged: 
 Data sizes:     COMMON   BANK0   BANK1   BANK3   BANK2
      Params:         0       0       0       0       0
      Locals:         0       0       0       0       0
      Temps:          0       3       0       0       0
      Totals:         0       3       0       0       0
Total ram usage:        3 bytes
 Hardware stack levels used:    1
 Hardware stack levels required when called:    4
 This function calls:
		_LCD_array
		_LCD_command
 This function is called by:
		_MEF_Subest_Actualizacion
 This function uses a non-reentrant model


 *************** function _Lec_Adc_Modo_Pulv *****************
 Defined at:
		line 4 in file "Modo_Pulverizacion.c"
 Parameters:    Size  Location     Type
		None
 Auto vars:     Size  Location     Type
		None
 Return value:  Size  Location     Type
                  1    wreg      void 
 Registers used:
		wreg, status,2, status,0, btemp+1, pclath, cstack
 Tracked objects:
		On entry : 
		On exit  : 
		Unchanged: 
 Data sizes:     COMMON   BANK0   BANK1   BANK3   BANK2
      Params:         0       0       0       0       0
      Locals:         0       0       0       0       0
      Temps:          0       0       0       0       0
      Totals:         0       0       0       0       0
Total ram usage:        0 bytes
 Hardware stack levels used:    1
 Hardware stack levels required when called:    5
 This function calls:
		_Adc_Min_Read
		_Adc_Pwm_Read
		_Adc_Rpm_Read
		_Adc_Temp_Read
 This function is called by:
		_MEF_Subest_Actualizacion
 This function uses a non-reentrant model


 *************** function _Adc_Rpm_Read *****************
 Defined at:
		line 9 in file "Adc_Read.c"
 Parameters:    Size  Location     Type
		None
 Auto vars:     Size  Location     Type
  valor           2   63[BANK0 ] unsigned int 
  dec_m           2   61[BANK0 ] unsigned int 
  uni_m           2   59[BANK0 ] unsigned int 
  cent            2   57[BANK0 ] unsigned int 
 Return value:  Size  Location     Type
                  1    wreg      void 
 Registers used:
		wreg, status,2, status,0, btemp+1, pclath, cstack
 Tracked objects:
		On entry : 
		On exit  : 
		Unchanged: 
 Data sizes:     COMMON   BANK0   BANK1   BANK3   BANK2
      Params:         0       0       0       0       0
      Locals:         0      11       0       0       0
      Temps:          0       4       0       0       0
      Totals:         0      15       0       0       0
Total ram usage:       15 bytes
 Hardware stack levels used:    1
 Hardware stack levels required when called:    4
 This function calls:
		_Adc
		___awtoft
		___ftdiv
		___ftmul
		___fttol
		___lwdiv
		___wmul
 This function is called by:
		_Lec_Adc_Modo_Pulv
 This function uses a non-reentrant model


 *************** function ___wmul *****************
 Defined at:
		line 15 in file "C:\Program Files (x86)\Microchip\xc8\pic\sources\c90\common\Umul16.c"
 Parameters:    Size  Location     Type
  multiplier      2    3[BANK0 ] unsigned int 
  multiplicand    2    5[BANK0 ] unsigned int 
 Auto vars:     Size  Location     Type
  product         2    7[BANK0 ] unsigned int 
 Return value:  Size  Location     Type
                  2    3[BANK0 ] unsigned int 
 Registers used:
		wreg, status,2, status,0
 Tracked objects:
		On entry : 
		On exit  : 
		Unchanged: 
 Data sizes:     COMMON   BANK0   BANK1   BANK3   BANK2
      Params:         0       4       0       0       0
      Locals:         0       2       0       0       0
      Temps:          0       0       0       0       0
      Totals:         0       6       0       0       0
Total ram usage:        6 bytes
 Hardware stack levels used:    1
 Hardware stack levels required when called:    2
 This function calls:
		Nothing
 This function is called by:
		_Adc_Rpm_Read
		_sprintf
 This function uses a non-reentrant model


 *************** function ___lwdiv *****************
 Defined at:
		line 5 in file "C:\Program Files (x86)\Microchip\xc8\pic\sources\c90\common\lwdiv.c"
 Parameters:    Size  Location     Type
  divisor         2    3[COMMON] unsigned int 
  dividend        2    5[COMMON] unsigned int 
 Auto vars:     Size  Location     Type
  quotient        2    1[BANK0 ] unsigned int 
  counter         1    0[BANK0 ] unsigned char 
 Return value:  Size  Location     Type
                  2    3[COMMON] unsigned int 
 Registers used:
		wreg, status,2, status,0, btemp+1
 Tracked objects:
		On entry : 
		On exit  : 
		Unchanged: 
 Data sizes:     COMMON   BANK0   BANK1   BANK3   BANK2
      Params:         4       0       0       0       0
      Locals:         0       3       0       0       0
      Temps:          0       0       0       0       0
      Totals:         4       3       0       0       0
Total ram usage:        7 bytes
 Hardware stack levels used:    1
 Hardware stack levels required when called:    2
 This function calls:
		Nothing
 This function is called by:
		_Adc_Rpm_Read
		_sprintf
 This function uses a non-reentrant model


 *************** function _Adc_Pwm_Read *****************
 Defined at:
		line 28 in file "Adc_Read.c"
 Parameters:    Size  Location     Type
		None
 Auto vars:     Size  Location     Type
		None
 Return value:  Size  Location     Type
                  1    wreg      void 
 Registers used:
		wreg, status,2, status,0, btemp+1, pclath, cstack
 Tracked objects:
		On entry : 
		On exit  : 
		Unchanged: 
 Data sizes:     COMMON   BANK0   BANK1   BANK3   BANK2
      Params:         0       0       0       0       0
      Locals:         0       3       0       0       0
      Temps:          0       0       0       0       0
      Totals:         0       3       0       0       0
Total ram usage:        3 bytes
 Hardware stack levels used:    1
 Hardware stack levels required when called:    4
 This function calls:
		_Adc
		___awtoft
		___ftdiv
		___ftmul
		___fttol
 This function is called by:
		_Lec_Adc_Modo_Pulv
 This function uses a non-reentrant model


 *************** function _Lec_Adc_Modo_Fuga *****************
 Defined at:
		line 4 in file "Modo_Fuga.c"
 Parameters:    Size  Location     Type
		None
 Auto vars:     Size  Location     Type
		None
 Return value:  Size  Location     Type
                  1    wreg      void 
 Registers used:
		wreg, status,2, status,0, btemp+1, pclath, cstack
 Tracked objects:
		On entry : 
		On exit  : 
		Unchanged: 
 Data sizes:     COMMON   BANK0   BANK1   BANK3   BANK2
      Params:         0       0       0       0       0
      Locals:         0       0       0       0       0
      Temps:          0       0       0       0       0
      Totals:         0       0       0       0       0
Total ram usage:        0 bytes
 Hardware stack levels used:    1
 Hardware stack levels required when called:    5
 This function calls:
		_Adc_Min_Read
		_Adc_Temp_Read
 This function is called by:
		_MEF_Subest_Actualizacion
 This function uses a non-reentrant model


 *************** function _Lec_Adc_Modo_Flujo *****************
 Defined at:
		line 4 in file "Modo_Flujo.c"
 Parameters:    Size  Location     Type
		None
 Auto vars:     Size  Location     Type
		None
 Return value:  Size  Location     Type
                  1    wreg      void 
 Registers used:
		wreg, status,2, status,0, btemp+1, pclath, cstack
 Tracked objects:
		On entry : 
		On exit  : 
		Unchanged: 
 Data sizes:     COMMON   BANK0   BANK1   BANK3   BANK2
      Params:         0       0       0       0       0
      Locals:         0       0       0       0       0
      Temps:          0       0       0       0       0
      Totals:         0       0       0       0       0
Total ram usage:        0 bytes
 Hardware stack levels used:    1
 Hardware stack levels required when called:    5
 This function calls:
		_Adc_Min_Read
		_Adc_Temp_Read
 This function is called by:
		_MEF_Subest_Actualizacion
 This function uses a non-reentrant model


 *************** function _Adc_Temp_Read *****************
 Defined at:
		line 47 in file "Adc_Read.c"
 Parameters:    Size  Location     Type
		None
 Auto vars:     Size  Location     Type
		None
 Return value:  Size  Location     Type
                  1    wreg      void 
 Registers used:
		wreg, status,2, status,0, btemp+1, pclath, cstack
 Tracked objects:
		On entry : 
		On exit  : 
		Unchanged: 
 Data sizes:     COMMON   BANK0   BANK1   BANK3   BANK2
[...]
 Registers used:
		wreg, status,2, status,0, btemp+1, pclath, cstack
 Tracked objects:
		On entry : 
		On exit  : 
		Unchanged: 
 Data sizes:     COMMON   BANK0   BANK1   BANK3   BANK2
      Params:         0       3       0       0       0
      Locals:         0       1       0       0       0
      Temps:          0       0       0       0       0
      Totals:         0       4       0       0       0
Total ram usage:        4 bytes
 Hardware stack levels used:    1
 Hardware stack levels required when called:    3
 This function calls:
		___ftpack
 This function is called by:
		_Adc_Rpm_Read
		_Adc_Pwm_Read
		_Adc_Min_Read
		_Adc_Temp_Read
 This function uses a non-reentrant model


 *************** function ___ftpack *****************
 Defined at:
		line 62 in file "C:\Program Files (x86)\Microchip\xc8\pic\sources\c90\common\float.c"
 Parameters:    Size  Location     Type
  arg             3    3[COMMON] unsigned um
  exp             1    6[COMMON] unsigned char 
  sign            1    7[COMMON] unsigned char 
 Auto vars:     Size  Location     Type
		None
 Return value:  Size  Location     Type
                  3    3[COMMON] float 
 Registers used:
		wreg, status,2, status,0, btemp+1
 Tracked objects:
		On entry : 
		On exit  : 
		Unchanged: 
 Data sizes:     COMMON   BANK0   BANK1   BANK3   BANK2
      Params:         5       0       0       0       0
      Locals:         0       0       0       0       0
      Temps:          0       3       0       0       0
      Totals:         5       3       0       0       0
Total ram usage:        8 bytes
 Hardware stack levels used:    1
 Hardware stack levels required when called:    2
 This function calls:
		Nothing
 This function is called by:
		___awtoft
		___ftdiv
		___ftmul
		___lwtoft
		___ftadd
 This function uses a non-reentrant model


 *************** function _Adc *****************
 Defined at:
		line 25 in file "ADC.c"
 Parameters:    Size  Location     Type
  channel         1    wreg     unsigned char 
 Auto vars:     Size  Location     Type
  channel         1    0[BANK0 ] unsigned char 
  convertion      2    1[BANK0 ] int 
 Return value:  Size  Location     Type
                  2    3[COMMON] int 
 Registers used:
		wreg, status,2, status,0, btemp+1
 Tracked objects:
		On entry : 
		On exit  : 
		Unchanged: 
 Data sizes:     COMMON   BANK0   BANK1   BANK3   BANK2
      Params:         2       0       0       0       0
      Locals:         0       3       0       0       0
      Temps:          2       0       0       0       0
      Totals:         4       3       0       0       0
Total ram usage:        7 bytes
 Hardware stack levels used:    1
 Hardware stack levels required when called:    2
 This function calls:
		Nothing
 This function is called by:
		_Adc_Rpm_Read
		_Adc_Pwm_Read
		_Adc_Min_Read
		_Adc_Temp_Read
 This function uses a non-reentrant model


 *************** function _Fin_Proceso *****************
 Defined at:
		line 51 in file "Menu_Modo.c"
 Parameters:    Size  Location     Type
		None
 Auto vars:     Size  Location     Type
  i               1    9[BANK0 ] unsigned char 
 Return value:  Size  Location     Type
                  1    wreg      void 
 Registers used:
		wreg, fsr0l, fsr0h, status,2, status,0, btemp+1, pclath, cstack
 Tracked objects:
		On entry : 
		On exit  : 
		Unchanged: 
 Data sizes:     COMMON   BANK0   BANK1   BANK3   BANK2
      Params:         0       0       0       0       0
      Locals:         0       1       0       0       0
      Temps:          0       3       0       0       0
      Totals:         0       4       0       0       0
Total ram usage:        4 bytes
 Hardware stack levels used:    1
 Hardware stack levels required when called:    5
 This function calls:
		_Proceso_Fin
 This function is called by:
		_MEF_Subest_Actualizacion
 This function uses a non-reentrant model


 *************** function _Proceso_Fin *****************
 Defined at:
		line 145 in file "Display_Lcd.c"
 Parameters:    Size  Location     Type
		None
 Auto vars:     Size  Location     Type
		None
 Return value:  Size  Location     Type
                  1    wreg      void 
 Registers used:
		wreg, fsr0l, fsr0h, status,2, status,0, btemp+1, pclath, cstack
 Tracked objects:
		On entry : 
		On exit  : 
		Unchanged: 
 Data sizes:     COMMON   BANK0   BANK1   BANK3   BANK2
      Params:         0       0       0       0       0
      Locals:         0       0       0       0       0
      Temps:          0       0       0       0       0
      Totals:         0       0       0       0       0
Total ram usage:        0 bytes
 Hardware stack levels used:    1
 Hardware stack levels required when called:    4
 This function calls:
		_LCD_array
		_LCD_command
 This function is called by:
		_Fin_Proceso
 This function uses a non-reentrant model


 *************** function _Detener *****************
 Defined at:
		line 30 in file "Menu_Modo.c"
 Parameters:    Size  Location     Type
		None
 Auto vars:     Size  Location     Type
  i               1    9[BANK0 ] unsigned char 
 Return value:  Size  Location     Type
                  1    wreg      void 
 Registers used:
		wreg, fsr0l, fsr0h, status,2, status,0, btemp+1, pclath, cstack
 Tracked objects:
		On entry : 
		On exit  : 
		Unchanged: 
 Data sizes:     COMMON   BANK0   BANK1   BANK3   BANK2
      Params:         0       0       0       0       0
      Locals:         0       1       0       0       0
      Temps:          0       3       0       0       0
      Totals:         0       4       0       0       0
Total ram usage:        4 bytes
 Hardware stack levels used:    1
 Hardware stack levels required when called:    5
 This function calls:
		_Antirrebote
		_Pant_Detener
 This function is called by:
		_MEF_Subest_Actualizacion
 This function uses a non-reentrant model


 *************** function _Pant_Detener *****************
 Defined at:
		line 106 in file "Display_Lcd.c"
 Parameters:    Size  Location     Type
		None
 Auto vars:     Size  Location     Type
		None
 Return value:  Size  Location     Type
                  1    wreg      void 
 Registers used:
		wreg, fsr0l, fsr0h, status,2, status,0, btemp+1, pclath, cstack
 Tracked objects:
		On entry : 
		On exit  : 
		Unchanged: 
 Data sizes:     COMMON   BANK0   BANK1   BANK3   BANK2
      Params:         0       0       0       0       0
      Locals:         0       0       0       0       0
      Temps:          0       0       0       0       0
      Totals:         0       0       0       0       0
Total ram usage:        0 bytes
 Hardware stack levels used:    1
 Hardware stack levels required when called:    4
 This function calls:
		_LCD_array
		_LCD_command
 This function is called by:
		_Detener
 This function uses a non-reentrant model


 *************** function _LCD_array *****************
 Defined at:
		line 137 in file "Lcd.c"
 Parameters:    Size  Location     Type
  x               2    0[BANK0 ] int 
  y               2    2[BANK0 ] int 
  date            2    4[BANK0 ] PTR unsigned char 
		 -> STR_39(20), STR_38(21), STR_37(10), STR_36(17), 
		 -> STR_35(9), STR_34(17), STR_33(18), STR_32(17), 
		 -> STR_31(17), Pant_Temporizador@buffer(20), Pant_Val_Act@buffer(20), STR_23(2), 
		 -> STR_22(13), STR_21(2), STR_20(8), STR_19(5), 
		 -> STR_18(5), STR_17(18), STR_16(6), STR_15(5), 
		 -> STR_14(14), STR_13(2), STR_12(2), STR_11(2), 
		 -> STR_10(2), STR_9(2), STR_8(2), STR_7(2), 
		 -> STR_6(2), STR_5(2), STR_4(21), STR_3(21), 
		 -> STR_2(21), STR_1(21), 
 Auto vars:     Size  Location     Type
		None
 Return value:  Size  Location     Type
                  1    wreg      void 
 Registers used:
		wreg, fsr0l, fsr0h, status,2, status,0, btemp+1, pclath, cstack
 Tracked objects:
		On entry : 
		On exit  : 
		Unchanged: 
 Data sizes:     COMMON   BANK0   BANK1   BANK3   BANK2
      Params:         0       6       0       0       0
      Locals:         0       0       0       0       0
      Temps:          2       0       0       0       0
      Totals:         2       6       0       0       0
Total ram usage:        8 bytes
 Hardware stack levels used:    1
 Hardware stack levels required when called:    3
 This function calls:
		_LCD_command
		_LCD_date
 This function is called by:
		_Pant_Inicio
		_Pant_Selector
		_Pant_Menu
		_Pant_Modos
		_Pant_Val_Act
		_Pant_Temporizador
		_Pant_Detener
		_Pant_Pulverizacion
		_Pant_Fuga
		_Pant_Flujo
		_Proceso_Fin
 This function uses a non-reentrant model


 *************** function _LCD_date *****************
 Defined at:
		line 88 in file "Lcd.c"
 Parameters:    Size  Location     Type
  date            1    wreg     unsigned char 
 Auto vars:     Size  Location     Type
  date            1    5[COMMON] unsigned char 
 Return value:  Size  Location     Type
                  1    wreg      void 
 Registers used:
		wreg, status,2, status,0
 Tracked objects:
		On entry : 
		On exit  : 
		Unchanged: 
 Data sizes:     COMMON   BANK0   BANK1   BANK3   BANK2
      Params:         0       0       0       0       0
      Locals:         1       0       0       0       0
      Temps:          2       0       0       0       0
      Totals:         3       0       0       0       0
Total ram usage:        3 bytes
 Hardware stack levels used:    1
 Hardware stack levels required when called:    2
 This function calls:
		Nothing
 This function is called by:
		_Pant_Modos
		_LCD_array
		_LCD_character
 This function uses a non-reentrant model


 *************** function _Antirrebote *****************
 Defined at:
		line 78 in file "Main.c"
 Parameters:    Size  Location     Type
		None
 Auto vars:     Size  Location     Type
		None
 Return value:  Size  Location     Type
                  1    wreg      void 
 Registers used:
		wreg
 Tracked objects:
		On entry : 
		On exit  : 
		Unchanged: 
 Data sizes:     COMMON   BANK0   BANK1   BANK3   BANK2
      Params:         0       0       0       0       0
      Locals:         0       0       0       0       0
      Temps:          3       0       0       0       0
      Totals:         3       0       0       0       0
Total ram usage:        3 bytes
 Hardware stack levels used:    1
 Hardware stack levels required when called:    2
 This function calls:
		Nothing
 This function is called by:
		_MEF_Actualizacion
		_MEF_Subest_Actualizacion
		_Select_Modo
		_Detener
 This function uses a non-reentrant model


 *************** function _LCD_init *****************
 Defined at:
		line 4 in file "Lcd.c"
 Parameters:    Size  Location     Type
		None
 Auto vars:     Size  Location     Type
  i               1    0[BANK0 ] unsigned char 
 Return value:  Size  Location     Type
                  1    wreg      void 
 Registers used:
		wreg, status,2, status,0, btemp+1, pclath, cstack
 Tracked objects:
		On entry : 
		On exit  : 
		Unchanged: 
 Data sizes:     COMMON   BANK0   BANK1   BANK3   BANK2
      Params:         0       0       0       0       0
      Locals:         0       1       0       0       0
      Temps:          2       0       0       0       0
      Totals:         2       1       0       0       0
Total ram usage:        3 bytes
 Hardware stack levels used:    1
 Hardware stack levels required when called:    3
 This function calls:
		_LCD_command
 This function is called by:
		_main
 This function uses a non-reentrant model


 *************** function _LCD_command *****************
 Defined at:
		line 39 in file "Lcd.c"
 Parameters:    Size  Location     Type
  cmd             1    wreg     unsigned char 
 Auto vars:     Size  Location     Type
  cmd             1    5[COMMON] unsigned char 
 Return value:  Size  Location     Type
                  1    wreg      void 
 Registers used:
		wreg, status,2, status,0
 Tracked objects:
		On entry : 
		On exit  : 
		Unchanged: 
 Data sizes:     COMMON   BANK0   BANK1   BANK3   BANK2
      Params:         0       0       0       0       0
      Locals:         1       0       0       0       0
      Temps:          2       0       0       0       0
      Totals:         3       0       0       0       0
Total ram usage:        3 bytes
 Hardware stack levels used:    1
 Hardware stack levels required when called:    2
 This function calls:
		Nothing
 This function is called by:
		_MEF_Subest_Actualizacion
		_Pant_Inicio
		_Pant_Modos
		_Pant_Detener
		_Pant_Pulverizacion
		_Pant_Fuga
		_Pant_Flujo
		_Proceso_Fin
		_LCD_init
		_LCD_array
		_LCD_xy
		_LCD_character
		_LCD_shift
 This function uses a non-reentrant model


 *************** function _Adc_init *****************
 Defined at:
		line 5 in file "ADC.c"
 Parameters:    Size  Location     Type
		None
 Auto vars:     Size  Location     Type
		None
 Return value:  Size  Location     Type
                  1    wreg      void 
 Registers used:
		wreg, status,2, status,0
 Tracked objects:
		On entry : 
		On exit  : 
		Unchanged: 
 Data sizes:     COMMON   BANK0   BANK1   BANK3   BANK2
      Params:         0       0       0       0       0
      Locals:         0       0       0       0       0
      Temps:          0       0       0       0       0
      Totals:         0       0       0       0       0
Total ram usage:        0 bytes
 Hardware stack levels used:    1
 Hardware stack levels required when called:    2
 This function calls:
		Nothing
 This function is called by:
		_main
 This function uses a non-reentrant model


 *************** function _ISR *****************
 Defined at:
		line 88 in file "Main.c"
 Parameters:    Size  Location     Type
		None
 Auto vars:     Size  Location     Type
		None
 Return value:  Size  Location     Type
                  1    wreg      void 
 Registers used:
		wreg, status,2, status,0, btemp+1, pclath, cstack
 Tracked objects:
		On entry : 
		On exit  : 
		Unchanged: 
 Data sizes:     COMMON   BANK0   BANK1   BANK3   BANK2
      Params:         0       0       0       0       0
      Locals:         0       0       0       0       0
      Temps:          3       0       0       0       0
      Totals:         3       0       0       0       0
Total ram usage:        3 bytes
 Hardware stack levels used:    1
 Hardware stack levels required when called:    1
 This function calls:
		_Task_Ready
 This function is called by:
		Interrupt level 1
 This function uses a non-reentrant model


 *************** function _Task_Ready *****************
 Defined at:
		line 107 in file "Main.c"
 Parameters:    Size  Location     Type
		None
 Auto vars:     Size  Location     Type
		None
 Return value:  Size  Location     Type
                  1    wreg      void 
 Registers used:
		wreg, status,2, status,0, btemp+1
 Tracked objects:
		On entry : 
		On exit  : 
		Unchanged: 
 Data sizes:     COMMON   BANK0   BANK1   BANK3   BANK2
      Params:         0       0       0       0       0
      Locals:         0       0       0       0       0
      Temps:          0       0       0       0       0
      Totals:         0       0       0       0       0
Total ram usage:        0 bytes
 Hardware stack levels used:    1
 This function calls:
		Nothing
 This function is called by:
		_ISR
 This function uses a non-reentrant model



MODULE INFORMATION

Module		Function		Class		Link	Load	Size
C:\Program Files (x86)\Microchip\xc8\pic\sources\c90\common\awtoft.c
		___awtoft      		CODE           	1475	0000	38

C:\Program Files (x86)\Microchip\xc8\pic\sources\c90\common\awtoft.c estimated size: 38

Modo_Flujo.c
		_Lec_Adc_Modo_Flujo		CODE           	13B9	0000	10
		_Salida_Modo_Flujo		CODE           	139A	0000	5

Modo_Flujo.c estimated size: 15

C:\Program Files (x86)\Microchip\xc8\pic\sources\c90\common\float.c
		___ftpack      		CODE           	09EF	0000	111

C:\Program Files (x86)\Microchip\xc8\pic\sources\c90\common\float.c estimated size: 111

C:\Program Files (x86)\Microchip\xc8\pic\sources\c90\common\lwmod.c
		___lwmod       		CODE           	157A	0000	53

C:\Program Files (x86)\Microchip\xc8\pic\sources\c90\common\lwmod.c estimated size: 53

C:\Program Files (x86)\Microchip\xc8\pic\sources\c90\common\doprnt.c
		_sprintf       		CODE           	004D	0000	480

C:\Program Files (x86)\Microchip\xc8\pic\sources\c90\common\doprnt.c estimated size: 480

C:\Program Files (x86)\Microchip\xc8\pic\sources\c90\common\isdigit.c
		_isdigit       		CODE           	13CB	0000	15

C:\Program Files (x86)\Microchip\xc8\pic\sources\c90\common\isdigit.c estimated size: 15

C:\Program Files (x86)\Microchip\xc8\pic\sources\c90\common\ftmul.c
		___ftmul       		CODE           	0705	0000	212

C:\Program Files (x86)\Microchip\xc8\pic\sources\c90\common\ftmul.c estimated size: 212

Display_Lcd.c
		_Pant_Detener  		CODE           	13FD	0000	25
		_Pant_Menu     		CODE           	17B5	0000	76
		_Pant_Selector 		CODE           	045F	0000	158
		_Pant_Val_Act  		CODE           	0F3E	0000	195
		_Pant_Flujo    		CODE           	15E7	0000	61
		_Pant_Fuga     		CODE           	1623	0000	61
		_Pant_Pulverizacion		CODE           	165F	0000	61
		_Pant_Temporizador		CODE           	176A	0000	76
		_Pant_Inicio   		CODE           	0C68	0000	173
		_Pant_Modos    		CODE           	0BDC	0000	141
		_Proceso_Fin   		CODE           	14C3	0000	44

Display_Lcd.c estimated size: 1071

C:\Program Files (x86)\Microchip\xc8\pic\sources\c90\common\ftdiv.c
		___ftdiv       		CODE           	0DCC	0000	185

C:\Program Files (x86)\Microchip\xc8\pic\sources\c90\common\ftdiv.c estimated size: 185

Pwm_Soft.c
		_Pwm_init      		CODE           	0803	0000	27

Pwm_Soft.c estimated size: 27

MEF.c
		_MEF_Subest_Actualizacion		CODE           	0354	0000	268
		_MEF_Init      		CODE           	13A2	0000	8
		_MEF_Actualizacion		CODE           	0925	0000	100

MEF.c estimated size: 376

C:\Program Files (x86)\Microchip\xc8\pic\sources\c90\common\lwdiv.c
		___lwdiv       		CODE           	169B	0000	63

C:\Program Files (x86)\Microchip\xc8\pic\sources\c90\common\lwdiv.c estimated size: 63

C:\Program Files (x86)\Microchip\xc8\pic\sources\c90\common\Umul16.c
		___wmul        		CODE           	142E	0000	36

C:\Program Files (x86)\Microchip\xc8\pic\sources\c90\common\Umul16.c estimated size: 36

Main.c
		_ISR           		CODE           	16D9	0000	73
		_Task_Ready    		CODE           	15AE	0000	58
		_Pines_Init    		CODE           	1415	0000	26
		_main          		CODE           	14EE	0000	45
		_Antirrebote   		CODE           	07D8	0000	40

Main.c estimated size: 242

shared
		__stringtab    		STRCODE        	0500	0000	19
		_dpowers       		STRCODE        	0512	0000	11
		__initialization		CODE           	0013	0000	55

shared estimated size: 85

ADC.c
		_Adc           		CODE           	1721	0000	74
		_Adc_init      		CODE           	1451	0000	37

ADC.c estimated size: 111

Modo_Pulverizacion.c
		_Lec_Adc_Modo_Pulv		CODE           	13EA	0000	20
		_Salida_Modo_Pulv		CODE           	07FF	0000	2

Modo_Pulverizacion.c estimated size: 22

C:\Program Files (x86)\Microchip\xc8\pic\sources\c90\common\fttol.c
		___fttol       		CODE           	0AD7	0000	126

C:\Program Files (x86)\Microchip\xc8\pic\sources\c90\common\fttol.c estimated size: 126

Modo_Fuga.c
		_Lec_Adc_Modo_Fuga		CODE           	13C2	0000	10
		_Salida_Modo_Fuga		CODE           	139E	0000	5

Modo_Fuga.c estimated size: 15

Adc_Read.c
		_Adc_Rpm_Read  		CODE           	022C	0000	297
		_Adc_Pwm_Read  		CODE           	0B54	0000	137
		_Adc_Min_Read  		CODE           	060A	0000	252
		_Adc_Temp_Read 		CODE           	08C3	0000	99

Adc_Read.c estimated size: 785

Lcd.c
		_LCD_character 		CODE           	151A	0000	46
		_LCD_init      		CODE           	0A5D	0000	123
		_LCD_command   		CODE           	0E84	0000	187
		_LCD_xy        		CODE           	1547	0000	52
		_LCD_array     		CODE           	0988	0000	104
		_LCD_date      		CODE           	0D14	0000	185

Lcd.c estimated size: 697

Menu_Modo.c
		_Fin_Proceso   		CODE           	0870	0000	84
		_Detener       		CODE           	081D	0000	84
		_Select_Modo   		CODE           	149A	0000	42

Menu_Modo.c estimated size: 210

