Microchip MPLAB XC8 Compiler V2.20

Linker command line:

-W-3 --edf=C:\Program Files (x86)\Microchip\xc8\pic\dat\en_msgs.txt -cn \
  -h+dist/default/production\PROBADOR_INYECTORES.X.production.sym \
  --cmf=dist/default/production\PROBADOR_INYECTORES.X.production.cmf -z \
  -Q16F886 -oC:\Users\aguat\AppData\Local\Temp\s16k.2 \
  --defsym=__MPLAB_BUILD=1 \
  -Mdist/default/production/PROBADOR_INYECTORES.X.production.map -E1 \
  -ver=XC8 Compiler -ASTACK=0110h-016Fh -pstack=STACK -ACODE=00h-07FFhx4 \
  -ASTRCODE=00h-01FFFh -ASTRING=00h-0FFhx32 -ACONST=00h-0FFhx32 \
  -AENTRY=00h-0FFhx32 -ACOMMON=070h-07Fh -ABANK0=020h-06Fh \
  -ABANK1=0A0h-0EFh -ABANK2=0110h-016Fh -ABANK3=0190h-01EFh \
  -ARAM=020h-06Fh,0A0h-0EFh,0110h-016Fh,0190h-01EFh \
  -AABS1=020h-07Fh,0A0h-0EFh,0110h-016Fh,0190h-01EFh -ASFR0=00h-01Fh \
  -ASFR1=080h-09Fh -ASFR2=0100h-010Fh -ASFR3=0180h-018Fh \
  -ACONFIG=02007h-02008h -DCONFIG=2 -AIDLOC=02000h-02003h -DIDLOC=2 \
  -preset_vec=00h,intentry=04h,init,end_init -ppowerup=CODE -pcinit=CODE \
  -pfunctab=ENTRY -AEEDATA=00h-0FFh/02100h -peeprom_data=EEDATA -DEEDATA=2 \
  -DCODE=2 -DSTRCODE=2 -DSTRING=2 -DCONST=2 -DENTRY=2 -k \
  C:\Users\aguat\AppData\Local\Temp\s16k.o \
  dist/default/production\PROBADOR_INYECTORES.X.production.o 

Object code version is 3.11

Machine type is 16F886



                Name                               Link     Load   Length Selector   Space Scale
C:\Users\aguat\AppData\Local\Temp\s16k.o
                end_init                             10       10        3        8       0
                reset_vec                             0        0        3        0       0
                config                             2007     2007        2        0       4
dist/default/production\PROBADOR_INYECTORES.X.production.o
                cinit                                13       13       1C        8       0
                intentry                              4        4        C        8       0
                config                             2007     2007        2        0       4
                text41                             1392     1392       17     2724       0
                text40                             14C9     14C9       33     2992       0
                text39                              D6D      D6D       C6     1ADA       0
                text38                             13DB     13DB       1C     27B6       0
                text37                             134C     134C        F     2698       0
                text36                             1538     1538       46     2A70       0
                text35                             15C4     15C4       48     2B88       0
                text34                              7D5      7D5       2B      FAA       0
                text33                              958      958       80     12B0       0
                text32                             16BB     16BB       68     2D76       0
                text31                             1466     1466       31     28CC       0
                text30                              8DC      8DC       7C     11B8       0
                text29                             1330     1330        E     2660       0
                text28                             160C     160C       4A     2C18       0
                text27                             1723     1723       6C     2E46       0
                text26                             13F7     13F7       21     27EE       0
                text25                              AE0      AE0       98     15C0       0
                text24                              CBA      CBA       B3     1974       0
                text23                              861      861       7B     10C2       0
                text22                             14FC     14FC       3C     29F8       0
                text21                             1497     1497       32     292E       0
                text20                             1418     1418       21     2830       0
                text19                             133E     133E        E     267C       0
                text18                               2F       2F      1B1        8       0
                text17                              4B1      4B1      141        8       0
                text16                              C12      C12       A8     1824       0
                text15                              1E0      1E0      169        8       0
                text14                              A5A      A5A       86     14B4       0
                text13                              809      809       58     1012       0
                text12                             1656     1656       65     2CAC       0
                text11                              EFB      EFB      105     1DF6       0
                text10                             137E     137E       14     26FC       0
                text9                              178F     178F       71     2F1E       0
                text8                              13C0     13C0       1B     2780       0
                text7                              157E     157E       46     2AFC       0
                text6                               9D8      9D8       82     13B0       0
                text5                              1439     1439       2D     2872       0
                text4                               B78      B78       9A     16F0       0
                text3                              13A9     13A9       17     2752       0
                text2                               349      349      168        8       0
                text1                               E33      E33       C8     1C66       0
                maintext                            5F2      5F2      10D        8       0
                cstackBANK0                          20       20       50       20       1
                cstackCOMMON                         70       70        6       70       1
                cstackBANK1                          C5       C5       17       A0       1
                cstackBANK3                         190      190       11      190       1
                clrtext                             801      801        8     1002       0
                inittext                           135B     135B       11     26B6       0
                dataBANK1                            DC       DC       12       A0       1
                bssBANK1                             A0       A0       25       A0       1
                bssCOMMON                            76       76        4       70       1
                strings                             700      700       D5      E00       0
                idataBANK1                         136C     136C       12     26D8       0

TOTAL           Name                               Link     Load   Length     Space
        CLASS   STACK          

        CLASS   CODE           
                end_init                             10       10        3         0
                cinit                                13       13       1C         0
                intentry                              4        4        C         0
                reset_vec                             0        0        3         0
                text41                             1392     1392       17         0
                text40                             14C9     14C9       33         0
                text39                              D6D      D6D       C6         0
                text38                             13DB     13DB       1C         0
                text37                             134C     134C        F         0
                text36                             1538     1538       46         0
                text35                             15C4     15C4       48         0
                text34                              7D5      7D5       2B         0
                text33                              958      958       80         0
                text32                             16BB     16BB       68         0
                text31                             1466     1466       31         0
                text30                              8DC      8DC       7C         0
                text29                             1330     1330        E         0
                text28                             160C     160C       4A         0
                text27                             1723     1723       6C         0
                text26                             13F7     13F7       21         0
                text25                              AE0      AE0       98         0
                text24                              CBA      CBA       B3         0
                text23                              861      861       7B         0
                text22                             14FC     14FC       3C         0
                text21                             1497     1497       32         0
                text20                             1418     1418       21         0
                text19                             133E     133E        E         0
                text18                               2F       2F      1B1         0
                text17                              4B1      4B1      141         0
                text16                              C12      C12       A8         0
                text15                              1E0      1E0      169         0
                text14                              A5A      A5A       86         0
                text13                              809      809       58         0
                text12                             1656     1656       65         0
                text11                              EFB      EFB      105         0
                text10                             137E     137E       14         0
                text9                              178F     178F       71         0
                text8                              13C0     13C0       1B         0
                text7                              157E     157E       46         0
                text6                               9D8      9D8       82         0
                text5                              1439     1439       2D         0
                text4                               B78      B78       9A         0
                text3                              13A9     13A9       17         0
                text2                               349      349      168         0
                text1                               E33      E33       C8         0
                maintext                            5F2      5F2      10D         0
                clrtext                             801      801        8         0
                inittext                           135B     135B       11         0
                idataBANK1                         136C     136C       12         0

        CLASS   STRCODE        

        CLASS   STRING         
                strings                             700      700       D5         0

        CLASS   CONST          

        CLASS   ENTRY          

        CLASS   COMMON         
                cstackCOMMON                         70       70        6         1
                bssCOMMON                            76       76        4         1

        CLASS   BANK0          
                cstackBANK0                          20       20       50         1

        CLASS   BANK1          
                cstackBANK1                          C5       C5       17         1
                dataBANK1                            DC       DC       12         1
                bssBANK1                             A0       A0       25         1

        CLASS   BANK2          

        CLASS   BANK3          
                cstackBANK3                         190      190       11         1

        CLASS   RAM            

        CLASS   ABS1           
                abs_s1                               7E       7E        2         1

        CLASS   SFR0           

        CLASS   SFR1           

        CLASS   SFR2           

        CLASS   SFR3           

        CLASS   CONFIG         
                config                             2007     2007        2         4

        CLASS   IDLOC          

        CLASS   EEDATA         



SEGMENTS        Name                           Load    Length   Top    Selector   Space  Class     Delta

                reset_vec                      000000  000003  000003         0       0  CODE        2
                intentry                       000004  0006FB  0006FF         8       0  CODE        2
                cstackBANK0                    000020  000050  000070        20       1  BANK0       1
                cstackCOMMON                   000070  00000A  00007A        70       1  COMMON      1
                bssBANK1                       0000A0  00004E  0000EE        A0       1  BANK1       1
                cstackBANK3                    000190  000011  0001A1       190       1  BANK3       1
                strings                        000700  0000D5  0007D5       E00       0  STRING      2
                text34                         0007D5  00002B  000800       FAA       0  CODE        2
                clrtext                        000801  000008  000809      1002       0  CODE        2
                text13                         000809  000058  000861      1012       0  CODE        2
                text23                         000861  00007B  0008DC      10C2       0  CODE        2
                text30                         0008DC  00007C  000958      11B8       0  CODE        2
                text33                         000958  000080  0009D8      12B0       0  CODE        2
                text6                          0009D8  000082  000A5A      13B0       0  CODE        2
                text14                         000A5A  000086  000AE0      14B4       0  CODE        2
                text25                         000AE0  000098  000B78      15C0       0  CODE        2
                text4                          000B78  00009A  000C12      16F0       0  CODE        2
                text16                         000C12  0000A8  000CBA      1824       0  CODE        2
                text24                         000CBA  0000B3  000D6D      1974       0  CODE        2
                text39                         000D6D  0000C6  000E33      1ADA       0  CODE        2
                text1                          000E33  0000C8  000EFB      1C66       0  CODE        2
                text11                         000EFB  000105  001000      1DF6       0  CODE        2
                text29                         001330  00000E  00133E      2660       0  CODE        2
                text19                         00133E  00000E  00134C      267C       0  CODE        2
                text37                         00134C  00000F  00135B      2698       0  CODE        2
                inittext                       00135B  000011  00136C      26B6       0  CODE        2
                idataBANK1                     00136C  000012  00137E      26D8       0  CODE        2
                text10                         00137E  000014  001392      26FC       0  CODE        2
                text41                         001392  000017  0013A9      2724       0  CODE        2
                text3                          0013A9  000017  0013C0      2752       0  CODE        2
                text8                          0013C0  00001B  0013DB      2780       0  CODE        2
                text38                         0013DB  00001C  0013F7      27B6       0  CODE        2
                text26                         0013F7  000021  001418      27EE       0  CODE        2
                text20                         001418  000021  001439      2830       0  CODE        2
                text5                          001439  00002D  001466      2872       0  CODE        2
                text31                         001466  000031  001497      28CC       0  CODE        2
                text21                         001497  000032  0014C9      292E       0  CODE        2
                text40                         0014C9  000033  0014FC      2992       0  CODE        2
                text22                         0014FC  00003C  001538      29F8       0  CODE        2
                text36                         001538  000046  00157E      2A70       0  CODE        2
                text7                          00157E  000046  0015C4      2AFC       0  CODE        2
                text35                         0015C4  000048  00160C      2B88       0  CODE        2
                text28                         00160C  00004A  001656      2C18       0  CODE        2
                text12                         001656  000065  0016BB      2CAC       0  CODE        2
                text32                         0016BB  000068  001723      2D76       0  CODE        2
                text27                         001723  00006C  00178F      2E46       0  CODE        2
                text9                          00178F  000071  001800      2F1E       0  CODE        2


UNUSED ADDRESS RANGES

        Name                Unused          Largest block    Delta
        BANK1            00EE-00EF              2           1
        BANK2            0110-016F             60           1
        BANK3            01A1-01EF             4F           1
        CODE             0003-0003              1           2
                         06FF-06FF              1
                         0800-0800              1
                         1000-132F            330
                         1800-1FFF            800
        COMMON           007A-007D              4           1
        CONST            0003-0003              1           2
                         06FF-06FF              1
                         0800-0800              1
                         1000-132F            100
                         1800-1FFF            100
        EEDATA           2100-21FF            100           2
        ENTRY            0003-0003              1           2
                         06FF-06FF              1
                         0800-0800              1
                         1000-132F            100
                         1800-1FFF            100
        IDLOC            2000-2003              4           2
        RAM              00EE-00EF              2           1
                         0110-016F             60
                         01A1-01EF             4F
        SFR0             0000-001F             20           1
        SFR1             0080-009F             20           1
        SFR2             0100-010F             10           1
        SFR3             0180-018F             10           1
        STACK            0110-016F             60           1
        STRCODE          0003-0003              1           2
                         06FF-06FF              1
                         0800-0800              1
                         1000-132F            330
                         1800-1FFF            800
        STRING           0003-0003              1           2
                         06FF-06FF              1
                         0800-0800              1
                         1000-132F            100
                         1800-1FFF            100

                                  Symbol Table

?_Adc                    cstackCOMMON 0074
?___awtoft               cstackBANK0  0028
?___ftadd                cstackBANK0  004A
?___ftdiv                cstackBANK0  003B
?___ftmul                cstackBANK0  002C
?___ftpack               cstackBANK0  0020
?___fttol                cstackBANK0  004A
?___lbtoft               cstackBANK0  0028
?___lwdiv                cstackBANK0  0020
?___lwmod                cstackBANK0  0027
?___lwtoft               cstackBANK0  0028
?___wmul                 cstackBANK0  0027
?_sprintf                cstackBANK0  002B
Adc@channel              cstackBANK0  0022
Adc@convertion           cstackBANK0  0023
E_Task1_Min@aux_min      cstackBANK0  0063
E_Task1_Min@aux_seg      cstackBANK0  0064
E_Task1_Min@buffer       cstackBANK0  0059
E_Task1_Pwm@aux          cstackBANK0  0066
E_Task1_Pwm@buffer       cstackBANK0  0059
E_Task1_Rpm@aux          cstackBANK1  00D2
E_Task1_Rpm@buffer       cstackBANK1  00C5
E_Task1_Rpm@cent         cstackBANK1  00D4
E_Task1_Rpm@dec_m        cstackBANK1  00D8
E_Task1_Rpm@uni_m        cstackBANK1  00D6
E_Task1_Rpm@valor        cstackBANK1  00DA
E_Task1_Temp@aux         cstackBANK0  0066
E_Task1_Temp@buffer      cstackBANK0  0059
ISR@f_pwmS1              cstackCOMMON 0073
LCD_array@date           cstackBANK0  0026
LCD_array@x              cstackBANK0  0022
LCD_array@y              cstackBANK0  0024
LCD_character@adress     cstackBANK0  0024
LCD_character@caracter   cstackBANK0  0022
LCD_character@i          cstackBANK0  0025
LCD_command@cmd          cstackCOMMON 0075
LCD_date@date            cstackCOMMON 0075
LCD_init@i               cstackBANK0  0024
LCD_xy@x                 cstackBANK0  0022
LCD_xy@y                 cstackBANK0  0024
Lcd_PTM@opcion           cstackBANK0  002A
MP_Pulv@Maq_task1        cstackBANK0  006B
Pwm1@duty                cstackBANK0  0057
Pwm1_init@frecuencia     cstackBANK0  0057
Seleccion_Modo@opc_ant   cstackBANK0  002E
Seleccion_Modo@opcion    cstackBANK0  002F
Task1@Estado             cstackBANK0  0068
Task3@buffer             cstackBANK0  003D
Task3@i                  cstackBANK0  0047
_ADCON0                  (abs)        001F
_ADCON0bits              (abs)        001F
_ADCON1bits              (abs)        009F
_ADRESH                  (abs)        001E
_ADRESL                  (abs)        009E
_ANS13                   (abs)        0C4D
_ANSELHbits              (abs)        0189
_ANSELbits               (abs)        0188
_Act_PwmS1               bssBANK1     00BE
_Adc                     text28       160C
_Adc_init                text38       13DB
_E_Task1_Min             text17       04B1
_E_Task1_Min$1288        cstackBANK0  0065
_E_Task1_Pwm             text16       0C12
_E_Task1_Pwm$1287        cstackBANK0  0063
_E_Task1_Rpm             text15       01E0
_E_Task1_Rpm$1286        cstackBANK1  00CF
_E_Task1_Temp            text14       0A5A
_E_Task1_Temp$1289       cstackBANK0  0063
_Est_Task1               bssBANK1     00BD
_Est_Task2               bssBANK1     00BC
_Est_Task3               bssBANK1     00BB
_Fin                     bssBANK1     00C2
_GIE                     (abs)        005F
_ISR                     text39       0D6D
_LCD_E                   text37       134C
_LCD_array               text32       16BB
_LCD_character           text34       07D5
_LCD_command             text36       1538
_LCD_date                text35       15C4
_LCD_init                text33       0958
_LCD_xy                  text31       1466
_Lcd_PPAR                text30       08DC
_Lcd_PTM                 text2        0349
_MP_Pulv                 text4        0B78
_Min                     bssBANK1     00C4
_Modo                    bssCOMMON    0077
_Out_E                   bssCOMMON    0076
_PEIE                    (abs)        005E
_PER_T_S1                bssBANK1     00AE
_PORTA                   (abs)        0005
_PORTAbits               (abs)        0005
_PORTB                   (abs)        0006
_PORTBbits               (abs)        0006
_PORTC                   (abs)        0007
_PORTCbits               (abs)        0007
_P_W_T_S1                bssBANK1     00B0
_Per_PwmS1               bssBANK1     00AB
_Pw_PwmS1                bssBANK1     00A8
_Pwm                     bssCOMMON    0079
_Pwm1                    text12       1656
_Pwm1_init               text9        178F
_Pwm1_stop               text29       1330
_PwmS1                   bssBANK1     00B2
_Pwm_Signal              text41       1392
_Pwm_init                text3        13A9
_RB4                     (abs)        0034
_RB5                     (abs)        0035
_Rpm                     bssBANK1     00B6
_Seg                     bssCOMMON    0078
_Seleccion_Modo          text1        0E33
_T1CONbits               (abs)        0010
_TMR1                    (abs)        000E
_TMR1IE                  (abs)        0460
_TMR1IF                  (abs)        0060
_TMR1ON                  (abs)        0080
_TRISAbits               (abs)        0085
_TRISB                   (abs)        0086
_TRISB4                  (abs)        0434
_TRISB5                  (abs)        0435
_TRISC                   (abs)        0087
_T_Lcd                   dataBANK1    00E4
_T_Task1                 dataBANK1    00EA
_T_Task2                 dataBANK1    00E8
_T_Task3                 dataBANK1    00E6
_T_Tiempo                dataBANK1    00EC
_T_running               bssBANK1     00BA
_Task1                   text13       0809
_Task2                   text7        157E
_Task2$1290              cstackBANK0  005A
_Task3                   text6        09D8
_Task_Ready              text40       14C9
_Temp                    bssBANK1     00C3
_Temporizador            bssBANK1     00C1
_WDTCONbits              (abs)        0105
__Habs1                  abs1         0000
__Hbank0                 bank0        0000
__Hbank1                 bank1        0000
__Hbank2                 bank2        0000
__Hbank3                 bank3        0000
__HbssBANK1              bssBANK1     0000
__HbssCOMMON             bssCOMMON    0000
__Hcinit                 cinit        002F
__Hclrtext               clrtext      0000
__Hcode                  code         0000
__Hcommon                common       0000
__Hconfig                config       2009
__HcstackBANK0           cstackBANK0  0000
__HcstackBANK1           cstackBANK1  0000
__HcstackBANK3           cstackBANK3  0000
__HcstackCOMMON          cstackCOMMON 0000
__HdataBANK1             dataBANK1    0000
__Heeprom_data           eeprom_data  0000
__Hend_init              end_init     0013
__Hfunctab               functab      0000
__HidataBANK1            idataBANK1   0000
__Hinit                  init         0010
__Hinittext              inittext     0000
__Hintentry              intentry     0010
__Hmaintext              maintext     0000
__Hpowerup               powerup      0000
__Hram                   ram          0000
__Hreset_vec             reset_vec    0003
__Hsfr0                  sfr0         0000
__Hsfr1                  sfr1         0000
__Hsfr2                  sfr2         0000
__Hsfr3                  sfr3         0000
__Hspace_0               (abs)        1800
__Hspace_1               (abs)        01A1
__Hspace_2               (abs)        0000
__Hspace_3               (abs)        0000
__Hspace_4               (abs)        4010
__Hstack                 stack        0000
__Hstrings               strings      0000
__Htext                  text         0000
__Labs1                  abs1         0000
__Lbank0                 bank0        0000
__Lbank1                 bank1        0000
__Lbank2                 bank2        0000
__Lbank3                 bank3        0000
__LbssBANK1              bssBANK1     0000
__LbssCOMMON             bssCOMMON    0000
__Lcinit                 cinit        0013
__Lclrtext               clrtext      0000
__Lcode                  code         0000
__Lcommon                common       0000
__Lconfig                config       0000
__LcstackBANK0           cstackBANK0  0000
__LcstackBANK1           cstackBANK1  0000
__LcstackBANK3           cstackBANK3  0000
__LcstackCOMMON          cstackCOMMON 0000
__LdataBANK1             dataBANK1    0000
__Leeprom_data           eeprom_data  0000
__Lend_init              end_init     0010
__Lfunctab               functab      0000
__LidataBANK1            idataBANK1   0000
__Linit                  init         0010
__Linittext              inittext     0000
__Lintentry              intentry     0004
__Lmaintext              maintext     0000
__Lpowerup               powerup      0000
__Lram                   ram          0000
__Lreset_vec             reset_vec    0000
__Lsfr0                  sfr0         0000
__Lsfr1                  sfr1         0000
__Lsfr2                  sfr2         0000
__Lsfr3                  sfr3         0000
__Lspace_0               (abs)        0000
__Lspace_1               (abs)        0000
__Lspace_2               (abs)        0000
__Lspace_3               (abs)        0000
__Lspace_4               (abs)        0000
__Lstack                 stack        0000
__Lstrings               strings      0000
__Ltext                  text         0000
__S0                     (abs)        1800
__S1                     (abs)        01A1
__S2                     (abs)        0000
__S3                     (abs)        0000
___awtoft                text26       13F7
___awtoft@c              cstackBANK0  0028
___awtoft@sign           cstackBANK0  002B
___ftadd                 text11       0EFB
___ftadd@exp1            cstackBANK0  0055
___ftadd@exp2            cstackBANK0  0054
___ftadd@f1              cstackBANK0  004A
___ftadd@f2              cstackBANK0  004D
___ftadd@sign            cstackBANK0  0053
___ftdiv                 text25       0AE0
___ftdiv@cntr            cstackBANK0  0044
___ftdiv@exp             cstackBANK0  0048
___ftdiv@f1              cstackBANK0  003E
___ftdiv@f2              cstackBANK0  003B
___ftdiv@f3              cstackBANK0  0045
___ftdiv@sign            cstackBANK0  0049
___ftmul                 text24       0CBA
___ftmul@cntr            cstackBANK0  0039
___ftmul@exp             cstackBANK0  0035
___ftmul@f1              cstackBANK0  002C
___ftmul@f2              cstackBANK0  002F
___ftmul@f3_as_product   cstackBANK0  0036
___ftmul@sign            cstackBANK0  003A
___ftpack                text27       1723
___ftpack@arg            cstackBANK0  0020
___ftpack@exp            cstackBANK0  0023
___ftpack@sign           cstackBANK0  0024
___fttol                 text23       0861
___fttol@exp1            cstackBANK0  0056
___fttol@f1              cstackBANK0  004A
___fttol@lval            cstackBANK0  0052
___fttol@sign1           cstackBANK0  0051
___int_sp                stack        0000
___latbits               (abs)        0002
___lbtoft                text8        13C0
___lbtoft@c              cstackCOMMON 0074
___lwdiv                 text22       14FC
___lwdiv@counter         cstackBANK0  0024
___lwdiv@dividend        cstackBANK0  0022
___lwdiv@divisor         cstackBANK0  0020
___lwdiv@quotient        cstackBANK0  0025
___lwmod                 text21       1497
___lwmod@counter         cstackCOMMON 0074
___lwmod@dividend        cstackBANK0  0029
___lwmod@divisor         cstackBANK0  0027
___lwtoft                text10       137E
___lwtoft@c              cstackBANK0  0028
___sp                    stack        0000
___stackhi               (abs)        0000
___stacklo               (abs)        0000
___wmul                  text20       1418
___wmul@multiplicand     cstackBANK0  0029
___wmul@multiplier       cstackBANK0  0027
___wmul@product          cstackCOMMON 0074
__end_of_Adc             text28       1656
__end_of_Adc_init        text38       13F7
__end_of_E_Task1_Min     text17       05F2
__end_of_E_Task1_Pwm     text16       0CBA
__end_of_E_Task1_Rpm     text15       0349
__end_of_E_Task1_Temp    text14       0AE0
__end_of_ISR             text39       0E33
__end_of_LCD_E           text37       135B
__end_of_LCD_array       text32       1723
__end_of_LCD_character   text34       0800
__end_of_LCD_command     text36       157E
__end_of_LCD_date        text35       160C
__end_of_LCD_init        text33       09D8
__end_of_LCD_xy          text31       1497
__end_of_Lcd_PPAR        text30       0958
__end_of_Lcd_PTM         text2        04B1
__end_of_MP_Pulv         text4        0C12
__end_of_Pwm1            text12       16BB
__end_of_Pwm1_init       text9        1800
__end_of_Pwm1_stop       text29       133E
__end_of_Pwm_Signal      text41       13A9
__end_of_Pwm_init        text3        13C0
__end_of_Seleccion_Modo  text1        0EFB
__end_of_Task1           text13       0861
__end_of_Task2           text7        15C4
__end_of_Task3           text6        0A5A
__end_of_Task_Ready      text40       14FC
__end_of___awtoft        text26       1418
__end_of___ftadd         text11       1000
__end_of___ftdiv         text25       0B78
__end_of___ftmul         text24       0D6D
__end_of___ftpack        text27       178F
__end_of___fttol         text23       08DC
__end_of___lbtoft        text8        13DB
__end_of___lwdiv         text22       1538
__end_of___lwmod         text21       14C9
__end_of___lwtoft        text10       1392
__end_of___wmul          text20       1439
__end_of__initialization cinit        002B
__end_of__stringtab      strings      0710
__end_of_antirrebote     text5        1466
__end_of_dpowers         strings      071A
__end_of_isdigit         text19       134C
__end_of_main            maintext     06FF
__end_of_sprintf         text18       01E0
__initialization         cinit        0013
__pbssBANK1              bssBANK1     00A0
__pbssCOMMON             bssCOMMON    0076
__pcstackBANK0           cstackBANK0  0020
__pcstackBANK1           cstackBANK1  00C5
__pcstackBANK3           cstackBANK3  0190
__pcstackCOMMON          cstackCOMMON 0070
__pdataBANK1             dataBANK1    00DC
__pidataBANK1            idataBANK1   136C
__pintentry              intentry     0004
__pmaintext              maintext     05F2
__pstrings               strings      0700
__ptext1                 text1        0E33
__ptext10                text10       137E
__ptext11                text11       0EFB
__ptext12                text12       1656
__ptext13                text13       0809
__ptext14                text14       0A5A
__ptext15                text15       01E0
__ptext16                text16       0C12
__ptext17                text17       04B1
__ptext18                text18       002F
__ptext19                text19       133E
__ptext2                 text2        0349
__ptext20                text20       1418
__ptext21                text21       1497
__ptext22                text22       14FC
__ptext23                text23       0861
__ptext24                text24       0CBA
__ptext25                text25       0AE0
__ptext26                text26       13F7
__ptext27                text27       1723
__ptext28                text28       160C
__ptext29                text29       1330
__ptext3                 text3        13A9
__ptext30                text30       08DC
__ptext31                text31       1466
__ptext32                text32       16BB
__ptext33                text33       0958
__ptext34                text34       07D5
__ptext35                text35       15C4
__ptext36                text36       1538
__ptext37                text37       134C
__ptext38                text38       13DB
__ptext39                text39       0D6D
__ptext4                 text4        0B78
__ptext40                text40       14C9
__ptext41                text41       1392
__ptext5                 text5        1439
__ptext6                 text6        09D8
__ptext7                 text7        157E
__ptext8                 text8        13C0
__ptext9                 text9        178F
__size_of_Adc            (abs)        0000
__size_of_Adc_init       (abs)        0000
__size_of_E_Task1_Min    (abs)        0000
__size_of_E_Task1_Pwm    (abs)        0000
__size_of_E_Task1_Rpm    (abs)        0000
__size_of_E_Task1_Temp   (abs)        0000
__size_of_ISR            (abs)        0000
__size_of_LCD_E          (abs)        0000
__size_of_LCD_array      (abs)        0000
__size_of_LCD_character  (abs)        0000
__size_of_LCD_command    (abs)        0000
__size_of_LCD_date       (abs)        0000
__size_of_LCD_init       (abs)        0000
__size_of_LCD_xy         (abs)        0000
__size_of_Lcd_PPAR       (abs)        0000
__size_of_Lcd_PTM        (abs)        0000
__size_of_MP_Pulv        (abs)        0000
__size_of_Pwm1           (abs)        0000
__size_of_Pwm1_init      (abs)        0000
__size_of_Pwm1_stop      (abs)        0000
__size_of_Pwm_Signal     (abs)        0000
__size_of_Pwm_init       (abs)        0000
__size_of_Seleccion_Modo (abs)        0000
__size_of_Task1          (abs)        0000
__size_of_Task2          (abs)        0000
__size_of_Task3          (abs)        0000
__size_of_Task_Ready     (abs)        0000
__size_of___awtoft       (abs)        0000
__size_of___ftadd        (abs)        0000
__size_of___ftdiv        (abs)        0000
__size_of___ftmul        (abs)        0000
__size_of___ftpack       (abs)        0000
__size_of___fttol        (abs)        0000
__size_of___lbtoft       (abs)        0000
__size_of___lwdiv        (abs)        0000
__size_of___lwmod        (abs)        0000
__size_of___lwtoft       (abs)        0000
__size_of___wmul         (abs)        0000
__size_of_antirrebote    (abs)        0000
__size_of_isdigit        (abs)        0000
__size_of_main           (abs)        0000
__size_of_sprintf        (abs)        0000
__stringbase             strings      070F
__stringtab              strings      0700
_antirrebote             text5        1439
_clock100us              bssBANK1     00B8
_dpowers                 strings      0710
_freqPwmS1               bssBANK1     00B4
_isdigit                 text19       133E
_isdigit$1103            cstackCOMMON 0074
_main                    maintext     05F2
_mod_min                 bssBANK1     00C0
_mod_seg                 bssBANK1     00BF
_mostrar                 bssBANK1     00B9
_sprintf                 text18       002F
btemp                    (abs)        007E
clear_ram0               clrtext      0801
end_of_initialization    cinit        002B
init_fetch0              inittext     135B
init_ram0                inittext     135F
interrupt_function       intentry     0004
intlevel0                functab      0000
intlevel1                functab      0000
intlevel2                functab      0000
intlevel3                functab      0000
intlevel4                functab      0000
intlevel5                functab      0000
isdigit@c                cstackCOMMON 0075
main@F1361               dataBANK1    00DC
main@caracter            cstackBANK3  0198
main@caracter1           cstackBANK3  0190
main@opcion              cstackBANK3  01A0
reset_vec                reset_vec    0000
saved_w                  (abs)        007E
sprintf@ap               cstackBANK0  0032
sprintf@c                cstackBANK0  0038
sprintf@f                cstackBANK0  002B
sprintf@flag             cstackBANK0  0035
sprintf@prec             cstackBANK0  0031
sprintf@sp               cstackBANK0  0039
sprintf@val              cstackBANK0  0033
sprintf@width            cstackBANK0  0036
start                    init         0010
start_initialization     cinit        0013
wtemp0                   (abs)        007E


FUNCTION INFORMATION:

 *************** function _main *****************
 Defined at:
		line 96 in file "Main.c"
 Parameters:    Size  Location     Type
		None
 Auto vars:     Size  Location     Type
  caracter        8    8[BANK3 ] unsigned char [8]
  caracter1       8    0[BANK3 ] unsigned char [8]
  opcion          1   16[BANK3 ] unsigned char 
 Return value:  Size  Location     Type
                  1    wreg      void 
 Registers used:
		wreg, fsr0l, fsr0h, status,2, status,0, btemp+1, pclath, cstack
 Tracked objects:
		On entry : 
		On exit  : 
		Unchanged: 
 Data sizes:     COMMON   BANK0   BANK1   BANK3   BANK2
      Params:         0       0       0       0       0
      Locals:         0       0       0      17       0
      Temps:          0       4       0       0       0
      Totals:         0       4       0      17       0
Total ram usage:       21 bytes
 Hardware stack levels required when called:    8
 This function calls:
		_Adc_init
		_LCD_array
		_LCD_character
		_LCD_command
		_LCD_init
		_Lcd_PPAR
		_MP_Pulv
		_Pwm_init
		_Seleccion_Modo
		_antirrebote
 This function is called by:
		Startup code after reset
 This function uses a non-reentrant model


 *************** function _Seleccion_Modo *****************
 Defined at:
		line 212 in file "Main.c"
 Parameters:    Size  Location     Type
  opcion          1    wreg     PTR unsigned char 
		 -> main@opcion(1), 
 Auto vars:     Size  Location     Type
  opcion          1   15[BANK0 ] PTR unsigned char 
		 -> main@opcion(1), 
  opc_ant         1   14[BANK0 ] unsigned char 
 Return value:  Size  Location     Type
                  1    wreg      void 
 Registers used:
		wreg, fsr0l, fsr0h, status,2, status,0, btemp+1, pclath, cstack
 Tracked objects:
		On entry : 
		On exit  : 
		Unchanged: 
 Data sizes:     COMMON   BANK0   BANK1   BANK3   BANK2
      Params:         0       0       0       0       0
      Locals:         0       2       0       0       0
      Temps:          0       3       0       0       0
      Totals:         0       5       0       0       0
Total ram usage:        5 bytes
 Hardware stack levels used:    1
 Hardware stack levels required when called:    6
 This function calls:
		_LCD_array
		_LCD_command
		_Lcd_PTM
		_antirrebote
 This function is called by:
		_main
 This function uses a non-reentrant model


 *************** function _Lcd_PTM *****************
 Defined at:
		line 310 in file "Main.c"
 Parameters:    Size  Location     Type
  opcion          1    wreg     unsigned char 
 Auto vars:     Size  Location     Type
  opcion          1   10[BANK0 ] unsigned char 
 Return value:  Size  Location     Type
                  1    wreg      void 
 Registers used:
		wreg, fsr0l, fsr0h, status,2, status,0, btemp+1, pclath, cstack
 Tracked objects:
		On entry : 
		On exit  : 
		Unchanged: 
 Data sizes:     COMMON   BANK0   BANK1   BANK3   BANK2
      Params:         0       0       0       0       0
      Locals:         0       1       0       0       0
      Temps:          0       0       0       0       0
      Totals:         0       1       0       0       0
Total ram usage:        1 bytes
 Hardware stack levels used:    1
 Hardware stack levels required when called:    5
 This function calls:
		_LCD_array
		_LCD_command
		_LCD_date
		_LCD_xy
 This function is called by:
		_Seleccion_Modo
 This function uses a non-reentrant model


 *************** function _Pwm_init *****************
 Defined at:
		line 5 in file "Pwm_Soft.c"
 Parameters:    Size  Location     Type
		None
 Auto vars:     Size  Location     Type
		None
 Return value:  Size  Location     Type
                  1    wreg      void 
 Registers used:
		wreg, status,2, status,0
 Tracked objects:
		On entry : 
		On exit  : 
		Unchanged: 
 Data sizes:     COMMON   BANK0   BANK1   BANK3   BANK2
      Params:         0       0       0       0       0
      Locals:         0       0       0       0       0
      Temps:          0       0       0       0       0
      Totals:         0       0       0       0       0
Total ram usage:        0 bytes
 Hardware stack levels used:    1
 Hardware stack levels required when called:    2
 This function calls:
		Nothing
 This function is called by:
		_main
 This function uses a non-reentrant model


 *************** function _MP_Pulv *****************
 Defined at:
		line 244 in file "Main.c"
 Parameters:    Size  Location     Type
		None
 Auto vars:     Size  Location     Type
  Maq_task1       1   75[BANK0 ] unsigned char 
 Return value:  Size  Location     Type
                  1    wreg      void 
 Registers used:
		wreg, fsr0l, fsr0h, status,2, status,0, btemp+1, pclath, cstack
 Tracked objects:
		On entry : 
		On exit  : 
		Unchanged: 
 Data sizes:     COMMON   BANK0   BANK1   BANK3   BANK2
      Params:         0       0       0       0       0
      Locals:         0       1       0       0       0
      Temps:          0       2       0       0       0
      Totals:         0       3       0       0       0
Total ram usage:        3 bytes
 Hardware stack levels used:    1
 Hardware stack levels required when called:    7
 This function calls:
		_LCD_command
		_Pwm1_stop
		_Task1
		_Task2
		_Task3
		_antirrebote
 This function is called by:
		_main
 This function uses a non-reentrant model


 *************** function _antirrebote *****************
 Defined at:
		line 446 in file "Main.c"
 Parameters:    Size  Location     Type
		None
 Auto vars:     Size  Location     Type
		None
 Return value:  Size  Location     Type
                  1    wreg      void 
 Registers used:
		wreg
 Tracked objects:
		On entry : 
		On exit  : 
		Unchanged: 
 Data sizes:     COMMON   BANK0   BANK1   BANK3   BANK2
      Params:         0       0       0       0       0
      Locals:         0       0       0       0       0
      Temps:          0       3       0       0       0
      Totals:         0       3       0       0       0
Total ram usage:        3 bytes
 Hardware stack levels used:    1
 Hardware stack levels required when called:    2
 This function calls:
		Nothing
 This function is called by:
		_main
		_Seleccion_Modo
		_MP_Pulv
 This function uses a non-reentrant model


 *************** function _Task3 *****************
 Defined at:
		line 128 in file "Task_Control.c"
 Parameters:    Size  Location     Type
		None
 Auto vars:     Size  Location     Type
  i               1   39[BANK0 ] unsigned char 
  buffer         10   29[BANK0 ] unsigned char [10]
 Return value:  Size  Location     Type
                  1    wreg      void 
 Registers used:
		wreg, fsr0l, fsr0h, status,2, status,0, btemp+1, pclath, cstack
 Tracked objects:
		On entry : 
		On exit  : 
		Unchanged: 
 Data sizes:     COMMON   BANK0   BANK1   BANK3   BANK2
      Params:         0       0       0       0       0
      Locals:         0      11       0       0       0
      Temps:          0       3       0       0       0
      Totals:         0      14       0       0       0
Total ram usage:       14 bytes
 Hardware stack levels used:    1
 Hardware stack levels required when called:    5
 This function calls:
		_LCD_array
		_sprintf
 This function is called by:
		_MP_Pulv
 This function uses a non-reentrant model


 *************** function _Task2 *****************
 Defined at:
		line 160 in file "Task_Control.c"
 Parameters:    Size  Location     Type
		None
 Auto vars:     Size  Location     Type
		None
 Return value:  Size  Location     Type
                  1    wreg      void 
 Registers used:
		wreg, status,2, status,0, btemp+1, pclath, cstack
 Tracked objects:
		On entry : 
		On exit  : 
		Unchanged: 
 Data sizes:     COMMON   BANK0   BANK1   BANK3   BANK2
      Params:         0       0       0       0       0
      Locals:         0       2       0       0       0
      Temps:          0       0       0       0       0
      Totals:         0       2       0       0       0
Total ram usage:        2 bytes
 Hardware stack levels used:    1
 Hardware stack levels required when called:    5
 This function calls:
		_Pwm1
		_Pwm1_init
		___ftdiv
		___fttol
		___lbtoft
		___lwtoft
 This function is called by:
		_MP_Pulv
 This function uses a non-reentrant model


 *************** function ___lbtoft *****************
 Defined at:
		line 27 in file "C:\Program Files (x86)\Microchip\xc8\pic\sources\c90\common\lbtoft.c"
 Parameters:    Size  Location     Type
  c               1    wreg     unsigned char 
 Auto vars:     Size  Location     Type
  c               1    4[COMMON] unsigned char 
 Return value:  Size  Location     Type
                  3    8[BANK0 ] float 
 Registers used:
		wreg, status,2, status,0, btemp+1, pclath, cstack
 Tracked objects:
		On entry : 
		On exit  : 
		Unchanged: 
 Data sizes:     COMMON   BANK0   BANK1   BANK3   BANK2
      Params:         0       3       0       0       0
      Locals:         1       0       0       0       0
      Temps:          0       3       0       0       0
      Totals:         1       6       0       0       0
Total ram usage:        7 bytes
 Hardware stack levels used:    1
 Hardware stack levels required when called:    3
 This function calls:
		___ftpack
 This function is called by:
		_Task2
 This function uses a non-reentrant model


 *************** function _Pwm1_init *****************
 Defined at:
		line 30 in file "Pwm_Soft.c"
 Parameters:    Size  Location     Type
  frecuencia      2   55[BANK0 ] unsigned int 
 Auto vars:     Size  Location     Type
		None
 Return value:  Size  Location     Type
                  1    wreg      void 
 Registers used:
		wreg, status,2, status,0, btemp+1, pclath, cstack
 Tracked objects:
		On entry : 
		On exit  : 
		Unchanged: 
 Data sizes:     COMMON   BANK0   BANK1   BANK3   BANK2
      Params:         0       2       0       0       0
      Locals:         0       0       0       0       0
      Temps:          0       0       0       0       0
      Totals:         0       2       0       0       0
Total ram usage:        2 bytes
 Hardware stack levels used:    1
 Hardware stack levels required when called:    4
 This function calls:
		___ftadd
		___ftdiv
		___fttol
		___lwtoft
 This function is called by:
		_Task2
 This function uses a non-reentrant model


 *************** function ___lwtoft *****************
 Defined at:
		line 28 in file "C:\Program Files (x86)\Microchip\xc8\pic\sources\c90\common\lwtoft.c"
 Parameters:    Size  Location     Type
  c               2    8[BANK0 ] unsigned int 
 Auto vars:     Size  Location     Type
		None
 Return value:  Size  Location     Type
                  3    8[BANK0 ] float 
 Registers used:
		wreg, status,2, status,0, btemp+1, pclath, cstack
 Tracked objects:
		On entry : 
		On exit  : 
		Unchanged: 
 Data sizes:     COMMON   BANK0   BANK1   BANK3   BANK2
      Params:         0       3       0       0       0
      Locals:         0       0       0       0       0
      Temps:          0       0       0       0       0
      Totals:         0       3       0       0       0
Total ram usage:        3 bytes
 Hardware stack levels used:    1
 Hardware stack levels required when called:    3
 This function calls:
		___ftpack
 This function is called by:
		_Task2
		_Pwm1_init
 This function uses a non-reentrant model


 *************** function ___ftadd *****************
 Defined at:
		line 86 in file "C:\Program Files (x86)\Microchip\xc8\pic\sources\c90\common\ftadd.c"
 Parameters:    Size  Location     Type
  f1              3   42[BANK0 ] float 
  f2              3   45[BANK0 ] float 
 Auto vars:     Size  Location     Type
  exp1            1   53[BANK0 ] unsigned char 
  exp2            1   52[BANK0 ] unsigned char 
  sign            1   51[BANK0 ] unsigned char 
 Return value:  Size  Location     Type
                  3   42[BANK0 ] float 
 Registers used:
		wreg, status,2, status,0, btemp+1, pclath, cstack
 Tracked objects:
		On entry : 
		On exit  : 
		Unchanged: 
 Data sizes:     COMMON   BANK0   BANK1   BANK3   BANK2
      Params:         0       6       0       0       0
      Locals:         0       3       0       0       0
      Temps:          0       3       0       0       0
      Totals:         0      12       0       0       0
Total ram usage:       12 bytes
 Hardware stack levels used:    1
 Hardware stack levels required when called:    3
 This function calls:
		___ftpack
 This function is called by:
		_Pwm1_init
 This function uses a non-reentrant model


 *************** function _Pwm1 *****************
 Defined at:
		line 54 in file "Pwm_Soft.c"
 Parameters:    Size  Location     Type
  duty            3   55[BANK0 ] float 
 Auto vars:     Size  Location     Type
		None
 Return value:  Size  Location     Type
                  1    wreg      void 
 Registers used:
		wreg, status,2, status,0, btemp+1, pclath, cstack
 Tracked objects:
		On entry : 
		On exit  : 
		Unchanged: 
 Data sizes:     COMMON   BANK0   BANK1   BANK3   BANK2
      Params:         0       3       0       0       0
      Locals:         0       0       0       0       0
      Temps:          0       0       0       0       0
      Totals:         0       3       0       0       0
Total ram usage:        3 bytes
 Hardware stack levels used:    1
 Hardware stack levels required when called:    4
 This function calls:
		___ftdiv
		___ftmul
		___fttol
 This function is called by:
		_Task2
 This function uses a non-reentrant model


 *************** function _Task1 *****************
 Defined at:
		line 9 in file "Task_Control.c"
 Parameters:    Size  Location     Type
  Estado          1    wreg     PTR unsigned char 
		 -> MP_Pulv@Maq_task1(1), 
 Auto vars:     Size  Location     Type
  Estado          1   72[BANK0 ] PTR unsigned char 
		 -> MP_Pulv@Maq_task1(1), 
 Return value:  Size  Location     Type
                  1    wreg      void 
 Registers used:
		wreg, fsr0l, fsr0h, status,2, status,0, btemp+1, pclath, cstack
 Tracked objects:
		On entry : 
		On exit  : 
		Unchanged: 
 Data sizes:     COMMON   BANK0   BANK1   BANK3   BANK2
      Params:         0       0       0       0       0
      Locals:         0       1       0       0       0
      Temps:          0       0       0       0       0
      Totals:         0       1       0       0       0
Total ram usage:        1 bytes
 Hardware stack levels used:    1
 Hardware stack levels required when called:    6
 This function calls:
		_E_Task1_Min
		_E_Task1_Pwm
		_E_Task1_Rpm
		_E_Task1_Temp
 This function is called by:
		_MP_Pulv
 This function uses a non-reentrant model


 *************** function _E_Task1_Temp *****************
 Defined at:
		line 111 in file "Task_Control.c"
 Parameters:    Size  Location     Type
		None
 Auto vars:     Size  Location     Type
  buffer         10   57[BANK0 ] unsigned char [10]
  aux             1   70[BANK0 ] unsigned char 
 Return value:  Size  Location     Type
                  1    wreg      void 
 Registers used:
		wreg, fsr0l, fsr0h, status,2, status,0, btemp+1, pclath, cstack
 Tracked objects:
		On entry : 
		On exit  : 
		Unchanged: 
 Data sizes:     COMMON   BANK0   BANK1   BANK3   BANK2
      Params:         0       0       0       0       0
      Locals:         0      14       0       0       0
      Temps:          0       2       0       0       0
      Totals:         0      16       0       0       0
Total ram usage:       16 bytes
 Hardware stack levels used:    1
 Hardware stack levels required when called:    5
 This function calls:
		_Adc
		_LCD_array
		___awtoft
		___ftdiv
		___ftmul
		___fttol
		_sprintf
 This function is called by:
		_Task1
 This function uses a non-reentrant model


 *************** function _E_Task1_Rpm *****************
 Defined at:
		line 28 in file "Task_Control.c"
 Parameters:    Size  Location     Type
		None
 Auto vars:     Size  Location     Type
  buffer         10    0[BANK1 ] unsigned char [10]
  valor           2   21[BANK1 ] unsigned int 
  dec_m           2   19[BANK1 ] unsigned int 
  uni_m           2   17[BANK1 ] unsigned int 
  cent            2   15[BANK1 ] unsigned int 
  aux             2   13[BANK1 ] unsigned int 
 Return value:  Size  Location     Type
                  1    wreg      void 
 Registers used:
		wreg, fsr0l, fsr0h, status,2, status,0, btemp+1, pclath, cstack
 Tracked objects:
		On entry : 
		On exit  : 
		Unchanged: 
 Data sizes:     COMMON   BANK0   BANK1   BANK3   BANK2
      Params:         0       0       0       0       0
      Locals:         0       0      23       0       0
      Temps:          0       4       0       0       0
      Totals:         0       4      23       0       0
Total ram usage:       27 bytes
 Hardware stack levels used:    1
 Hardware stack levels required when called:    5
 This function calls:
		_Adc
		_LCD_array
		___awtoft
		___ftdiv
		___ftmul
		___fttol
		___lwdiv
		___wmul
		_sprintf
 This function is called by:
		_Task1
 This function uses a non-reentrant model


 *************** function _E_Task1_Pwm *****************
 Defined at:
		line 57 in file "Task_Control.c"
 Parameters:    Size  Location     Type
		None
 Auto vars:     Size  Location     Type
  buffer         10   57[BANK0 ] unsigned char [10]
  aux             1   70[BANK0 ] unsigned char 
 Return value:  Size  Location     Type
                  1    wreg      void 
 Registers used:
		wreg, fsr0l, fsr0h, status,2, status,0, btemp+1, pclath, cstack
 Tracked objects:
		On entry : 
		On exit  : 
		Unchanged: 
 Data sizes:     COMMON   BANK0   BANK1   BANK3   BANK2
      Params:         0       0       0       0       0
      Locals:         0      14       0       0       0
      Temps:          0       2       0       0       0
      Totals:         0      16       0       0       0
Total ram usage:       16 bytes
 Hardware stack levels used:    1
 Hardware stack levels required when called:    5
 This function calls:
		_Adc
		_LCD_array
		___awtoft
		___ftdiv
		___ftmul
		___fttol
		_sprintf
 This function is called by:
		_Task1
 This function uses a non-reentrant model


 *************** function _E_Task1_Min *****************
 Defined at:
		line 81 in file "Task_Control.c"
 Parameters:    Size  Location     Type
		None
 Auto vars:     Size  Location     Type
  buffer         10   57[BANK0 ] unsigned char [10]
  aux_seg         1   68[BANK0 ] unsigned char 
  aux_min         1   67[BANK0 ] unsigned char 
 Return value:  Size  Location     Type
                  1    wreg      void 
 Registers used:
		wreg, fsr0l, fsr0h, status,2, status,0, btemp+1, pclath, cstack
 Tracked objects:
		On entry : 
		On exit  : 
		Unchanged: 
 Data sizes:     COMMON   BANK0   BANK1   BANK3   BANK2
      Params:         0       0       0       0       0
      Locals:         0      15       0       0       0
      Temps:          0       2       0       0       0
      Totals:         0      17       0       0       0
Total ram usage:       17 bytes
 Hardware stack levels used:    1
 Hardware stack levels required when called:    5
 This function calls:
		_Adc
		_LCD_array
		___awtoft
		___ftdiv
		___ftmul
		___fttol
		_sprintf
 This function is called by:
		_Task1
 This function uses a non-reentrant model


 *************** function _sprintf *****************
 Defined at:
		line 505 in file "C:\Program Files (x86)\Microchip\xc8\pic\sources\c90\common\doprnt.c"
 Parameters:    Size  Location     Type
  sp              1    wreg     PTR unsigned char 
		 -> Task3@buffer(10), E_Task1_Temp@buffer(10), E_Task1_Min@buffer(10), E_Task1_Pwm@buffer(10), 
		 -> E_Task1_Rpm@buffer(10), 
  f               1   11[BANK0 ] PTR const unsigned char 
		 -> STR_27(5), STR_26(5), STR_25(5), STR_24(5), 
		 -> STR_23(5), STR_22(5), STR_21(5), 
 Auto vars:     Size  Location     Type
  sp              1   25[BANK0 ] PTR unsigned char 
		 -> Task3@buffer(10), E_Task1_Temp@buffer(10), E_Task1_Min@buffer(10), E_Task1_Pwm@buffer(10), 
		 -> E_Task1_Rpm@buffer(10), 
  tmpval          4    0        struct .
  width           2   22[BANK0 ] int 
  val             2   19[BANK0 ] unsigned int 
  cp              2    0        PTR const unsigned char 
  len             2    0        unsigned int 
  c               1   24[BANK0 ] unsigned char 
  flag            1   21[BANK0 ] unsigned char 
  ap              1   18[BANK0 ] PTR void [1]
		 -> ?_sprintf(2), 
  prec            1   17[BANK0 ] char 
 Return value:  Size  Location     Type
                  2   11[BANK0 ] int 
 Registers used:
		wreg, fsr0l, fsr0h, status,2, status,0, btemp+1, pclath, cstack
 Tracked objects:
		On entry : 
		On exit  : 
		Unchanged: 
 Data sizes:     COMMON   BANK0   BANK1   BANK3   BANK2
      Params:         0       3       0       0       0
      Locals:         0       9       0       0       0
      Temps:          0       3       0       0       0
      Totals:         0      15       0       0       0
Total ram usage:       15 bytes
 Hardware stack levels used:    1
 Hardware stack levels required when called:    3
 This function calls:
		___lwdiv
		___lwmod
		___wmul
		_isdigit
 This function is called by:
		_E_Task1_Rpm
		_E_Task1_Pwm
		_E_Task1_Min
		_E_Task1_Temp
		_Task3
 This function uses a non-reentrant model


 *************** function _isdigit *****************
 Defined at:
		line 8 in file "C:\Program Files (x86)\Microchip\xc8\pic\sources\c90\common\isdigit.c"
 Parameters:    Size  Location     Type
  c               1    wreg     unsigned char 
 Auto vars:     Size  Location     Type
  c               1    5[COMMON] unsigned char 
 Return value:  Size  Location     Type
		None               void
 Registers used:
		wreg, status,2, status,0
 Tracked objects:
		On entry : 
		On exit  : 
		Unchanged: 
 Data sizes:     COMMON   BANK0   BANK1   BANK3   BANK2
      Params:         0       0       0       0       0
      Locals:         2       0       0       0       0
      Temps:          0       0       0       0       0
      Totals:         2       0       0       0       0
Total ram usage:        2 bytes
 Hardware stack levels used:    1
 Hardware stack levels required when called:    2
 This function calls:
		Nothing
 This function is called by:
		_sprintf
 This function uses a non-reentrant model


 *************** function ___wmul *****************
 Defined at:
		line 15 in file "C:\Program Files (x86)\Microchip\xc8\pic\sources\c90\common\Umul16.c"
 Parameters:    Size  Location     Type
  multiplier      2    7[BANK0 ] unsigned int 
  multiplicand    2    9[BANK0 ] unsigned int 
 Auto vars:     Size  Location     Type
  product         2    4[COMMON] unsigned int 
 Return value:  Size  Location     Type
                  2    7[BANK0 ] unsigned int 
 Registers used:
		wreg, status,2, status,0
 Tracked objects:
		On entry : 
		On exit  : 
		Unchanged: 
 Data sizes:     COMMON   BANK0   BANK1   BANK3   BANK2
      Params:         0       4       0       0       0
      Locals:         2       0       0       0       0
      Temps:          0       0       0       0       0
      Totals:         2       4       0       0       0
Total ram usage:        6 bytes
 Hardware stack levels used:    1
 Hardware stack levels required when called:    2
 This function calls:
		Nothing
 This function is called by:
		_E_Task1_Rpm
		_sprintf
 This function uses a non-reentrant model


 *************** function ___lwmod *****************
 Defined at:
		line 5 in file "C:\Program Files (x86)\Microchip\xc8\pic\sources\c90\common\lwmod.c"
 Parameters:    Size  Location     Type
  divisor         2    7[BANK0 ] unsigned int 
  dividend        2    9[BANK0 ] unsigned int 
 Auto vars:     Size  Location     Type
  counter         1    4[COMMON] unsigned char 
 Return value:  Size  Location     Type
                  2    7[BANK0 ] unsigned int 
 Registers used:
		wreg, status,2, status,0, btemp+1
 Tracked objects:
		On entry : 
		On exit  : 
		Unchanged: 
 Data sizes:     COMMON   BANK0   BANK1   BANK3   BANK2
      Params:         0       4       0       0       0
      Locals:         1       0       0       0       0
      Temps:          0       0       0       0       0
      Totals:         1       4       0       0       0
Total ram usage:        5 bytes
 Hardware stack levels used:    1
 Hardware stack levels required when called:    2
 This function calls:
		Nothing
 This function is called by:
		_sprintf
 This function uses a non-reentrant model


 *************** function ___lwdiv *****************
 Defined at:
		line 5 in file "C:\Program Files (x86)\Microchip\xc8\pic\sources\c90\common\lwdiv.c"
 Parameters:    Size  Location     Type
  divisor         2    0[BANK0 ] unsigned int 
  dividend        2    2[BANK0 ] unsigned int 
 Auto vars:     Size  Location     Type
  quotient        2    5[BANK0 ] unsigned int 
  counter         1    4[BANK0 ] unsigned char 
 Return value:  Size  Location     Type
                  2    0[BANK0 ] unsigned int 
 Registers used:
		wreg, status,2, status,0, btemp+1
 Tracked objects:
		On entry : 
		On exit  : 
		Unchanged: 
 Data sizes:     COMMON   BANK0   BANK1   BANK3   BANK2
      Params:         0       4       0       0       0
      Locals:         0       3       0       0       0
      Temps:          0       0       0       0       0
      Totals:         0       7       0       0       0
Total ram usage:        7 bytes
 Hardware stack levels used:    1
 Hardware stack levels required when called:    2
 This function calls:
		Nothing
 This function is called by:
		_E_Task1_Rpm
		_sprintf
 This function uses a non-reentrant model


 *************** function ___fttol *****************
 Defined at:
		line 44 in file "C:\Program Files (x86)\Microchip\xc8\pic\sources\c90\common\fttol.c"
 Parameters:    Size  Location     Type
  f1              3   42[BANK0 ] float 
 Auto vars:     Size  Location     Type
  lval            4   50[BANK0 ] unsigned long 
  exp1            1   54[BANK0 ] unsigned char 
  sign1           1   49[BANK0 ] unsigned char 
 Return value:  Size  Location     Type
                  4   42[BANK0 ] long 
 Registers used:
		wreg, status,2, status,0, btemp+1
 Tracked objects:
		On entry : 
		On exit  : 
		Unchanged: 
 Data sizes:     COMMON   BANK0   BANK1   BANK3   BANK2
      Params:         0       4       0       0       0
      Locals:         0       6       0       0       0
      Temps:          0       3       0       0       0
      Totals:         0      13       0       0       0
Total ram usage:       13 bytes
 Hardware stack levels used:    1
 Hardware stack levels required when called:    2
 This function calls:
		Nothing
 This function is called by:
		_E_Task1_Rpm
		_E_Task1_Pwm
		_E_Task1_Min
		_E_Task1_Temp
		_Task2
		_Pwm1_init
		_Pwm1
 This function uses a non-reentrant model


 *************** function ___ftmul *****************
 Defined at:
		line 62 in file "C:\Program Files (x86)\Microchip\xc8\pic\sources\c90\common\ftmul.c"
 Parameters:    Size  Location     Type
  f1              3   12[BANK0 ] float 
  f2              3   15[BANK0 ] float 
 Auto vars:     Size  Location     Type
  f3_as_produc    3   22[BANK0 ] unsigned um
  sign            1   26[BANK0 ] unsigned char 
  cntr            1   25[BANK0 ] unsigned char 
  exp             1   21[BANK0 ] unsigned char 
 Return value:  Size  Location     Type
                  3   12[BANK0 ] float 
 Registers used:
		wreg, status,2, status,0, btemp+1, pclath, cstack
 Tracked objects:
		On entry : 
		On exit  : 
		Unchanged: 
 Data sizes:     COMMON   BANK0   BANK1   BANK3   BANK2
      Params:         0       6       0       0       0
      Locals:         0       6       0       0       0
      Temps:          0       3       0       0       0
      Totals:         0      15       0       0       0
Total ram usage:       15 bytes
 Hardware stack levels used:    1
 Hardware stack levels required when called:    3
 This function calls:
		___ftpack
 This function is called by:
		_E_Task1_Rpm
		_E_Task1_Pwm
		_E_Task1_Min
		_E_Task1_Temp
		_Pwm1
 This function uses a non-reentrant model


 *************** function ___ftdiv *****************
 Defined at:
		line 56 in file "C:\Program Files (x86)\Microchip\xc8\pic\sources\c90\common\ftdiv.c"
 Parameters:    Size  Location     Type
  f2              3   27[BANK0 ] float 
  f1              3   30[BANK0 ] float 
 Auto vars:     Size  Location     Type
  f3              3   37[BANK0 ] float 
  sign            1   41[BANK0 ] unsigned char 
  exp             1   40[BANK0 ] unsigned char 
  cntr            1   36[BANK0 ] unsigned char 
 Return value:  Size  Location     Type
                  3   27[BANK0 ] float 
 Registers used:
		wreg, status,2, status,0, btemp+1, pclath, cstack
 Tracked objects:
		On entry : 
		On exit  : 
		Unchanged: 
 Data sizes:     COMMON   BANK0   BANK1   BANK3   BANK2
      Params:         0       6       0       0       0
      Locals:         0       6       0       0       0
      Temps:          0       3       0       0       0
      Totals:         0      15       0       0       0
Total ram usage:       15 bytes
 Hardware stack levels used:    1
 Hardware stack levels required when called:    3
 This function calls:
		___ftpack
 This function is called by:
		_E_Task1_Rpm
		_E_Task1_Pwm
		_E_Task1_Min
		_E_Task1_Temp
		_Task2
		_Pwm1_init
		_Pwm1
 This function uses a non-reentrant model


 *************** function ___awtoft *****************
 Defined at:
		line 32 in file "C:\Program Files (x86)\Microchip\xc8\pic\sources\c90\common\awtoft.c"
 Parameters:    Size  Location     Type
  c               2    8[BANK0 ] int 
 Auto vars:     Size  Location     Type
  sign            1   11[BANK0 ] unsigned char 
 Return value:  Size  Location     Type
                  3    8[BANK0 ] float 
 Registers used:
		wreg, status,2, status,0, btemp+1, pclath, cstack
 Tracked objects:
		On entry : 
		On exit  : 
		Unchanged: 
 Data sizes:     COMMON   BANK0   BANK1   BANK3   BANK2
      Params:         0       3       0       0       0
      Locals:         0       1       0       0       0
      Temps:          0       0       0       0       0
      Totals:         0       4       0       0       0
Total ram usage:        4 bytes
 Hardware stack levels used:    1
 Hardware stack levels required when called:    3
 This function calls:
		___ftpack
 This function is called by:
		_E_Task1_Rpm
		_E_Task1_Pwm
		_E_Task1_Min
		_E_Task1_Temp
 This function uses a non-reentrant model


 *************** function ___ftpack *****************
 Defined at:
		line 62 in file "C:\Program Files (x86)\Microchip\xc8\pic\sources\c90\common\float.c"
 Parameters:    Size  Location     Type
  arg             3    0[BANK0 ] unsigned um
  exp             1    3[BANK0 ] unsigned char 
  sign            1    4[BANK0 ] unsigned char 
 Auto vars:     Size  Location     Type
		None
 Return value:  Size  Location     Type
                  3    0[BANK0 ] float 
 Registers used:
		wreg, status,2, status,0, btemp+1
 Tracked objects:
		On entry : 
		On exit  : 
		Unchanged: 
 Data sizes:     COMMON   BANK0   BANK1   BANK3   BANK2
      Params:         0       5       0       0       0
      Locals:         0       0       0       0       0
      Temps:          0       3       0       0       0
      Totals:         0       8       0       0       0
Total ram usage:        8 bytes
 Hardware stack levels used:    1
 Hardware stack levels required when called:    2
 This function calls:
		Nothing
 This function is called by:
		___awtoft
		___ftadd
		___ftdiv
		___ftmul
		___lbtoft
		___lwtoft
 This function uses a non-reentrant model


 *************** function _Adc *****************
 Defined at:
		line 23 in file "ADC.c"
 Parameters:    Size  Location     Type
  channel         1    wreg     unsigned char 
 Auto vars:     Size  Location     Type
  channel         1    2[BANK0 ] unsigned char 
  convertion      2    3[BANK0 ] int 
 Return value:  Size  Location     Type
                  2    4[COMMON] int 
 Registers used:
		wreg, status,2, status,0, btemp+1
 Tracked objects:
		On entry : 
		On exit  : 
		Unchanged: 
 Data sizes:     COMMON   BANK0   BANK1   BANK3   BANK2
      Params:         2       0       0       0       0
      Locals:         0       3       0       0       0
      Temps:          0       2       0       0       0
      Totals:         2       5       0       0       0
Total ram usage:        7 bytes
 Hardware stack levels used:    1
 Hardware stack levels required when called:    2
 This function calls:
		Nothing
 This function is called by:
		_E_Task1_Rpm
		_E_Task1_Pwm
		_E_Task1_Min
		_E_Task1_Temp
 This function uses a non-reentrant model


 *************** function _Pwm1_stop *****************
 Defined at:
		line 72 in file "Pwm_Soft.c"
 Parameters:    Size  Location     Type
		None
 Auto vars:     Size  Location     Type
		None
 Return value:  Size  Location     Type
                  1    wreg      void 
 Registers used:
		wreg, status,2
 Tracked objects:
		On entry : 
		On exit  : 
		Unchanged: 
 Data sizes:     COMMON   BANK0   BANK1   BANK3   BANK2
      Params:         0       0       0       0       0
      Locals:         0       0       0       0       0
      Temps:          0       0       0       0       0
      Totals:         0       0       0       0       0
Total ram usage:        0 bytes
 Hardware stack levels used:    1
 Hardware stack levels required when called:    2
 This function calls:
		Nothing
 This function is called by:
		_MP_Pulv
 This function uses a non-reentrant model


 *************** function _Lcd_PPAR *****************
 Defined at:
		line 351 in file "Main.c"
 Parameters:    Size  Location     Type
		None
 Auto vars:     Size  Location     Type
		None
 Return value:  Size  Location     Type
                  1    wreg      void 
 Registers used:
		wreg, fsr0l, fsr0h, status,2, status,0, btemp+1, pclath, cstack
 Tracked objects:
		On entry : 
		On exit  : 
		Unchanged: 
 Data sizes:     COMMON   BANK0   BANK1   BANK3   BANK2
      Params:         0       0       0       0       0
      Locals:         0       0       0       0       0
      Temps:          0       0       0       0       0
      Totals:         0       0       0       0       0
Total ram usage:        0 bytes
 Hardware stack levels used:    1
 Hardware stack levels required when called:    5
 This function calls:
		_LCD_array
		_LCD_date
		_LCD_xy
 This function is called by:
		_main
 This function uses a non-reentrant model


 *************** function _LCD_xy *****************
 Defined at:
		line 125 in file "LCD_control.c"
 Parameters:    Size  Location     Type
  x               2    2[BANK0 ] int 
  y               2    4[BANK0 ] int 
 Auto vars:     Size  Location     Type
		None
 Return value:  Size  Location     Type
                  1    wreg      void 
 Registers used:
		wreg, fsr0l, fsr0h, status,2, status,0, btemp+1, pclath, cstack
 Tracked objects:
		On entry : 
		On exit  : 
		Unchanged: 
 Data sizes:     COMMON   BANK0   BANK1   BANK3   BANK2
      Params:         0       4       0       0       0
      Locals:         0       0       0       0       0
      Temps:          0       0       0       0       0
      Totals:         0       4       0       0       0
Total ram usage:        4 bytes
 Hardware stack levels used:    1
 Hardware stack levels required when called:    4
 This function calls:
		_LCD_command
 This function is called by:
		_Lcd_PTM
		_Lcd_PPAR
 This function uses a non-reentrant model


 *************** function _LCD_array *****************
 Defined at:
		line 98 in file "LCD_control.c"
 Parameters:    Size  Location     Type
  x               2    2[BANK0 ] int 
  y               2    4[BANK0 ] int 
  date            2    6[BANK0 ] PTR const unsigned char 
		 -> Task3@buffer(10), E_Task1_Temp@buffer(10), E_Task1_Min@buffer(10), E_Task1_Pwm@buffer(10), 
		 -> E_Task1_Rpm@buffer(10), STR_20(2), STR_19(13), STR_18(2), 
		 -> STR_17(8), STR_16(5), STR_15(5), STR_14(2), 
		 -> STR_13(2), STR_12(2), STR_11(2), STR_10(2), 
		 -> STR_9(16), STR_8(18), STR_7(18), STR_6(12), 
		 -> STR_5(15), STR_4(21), STR_3(21), STR_2(21), 
		 -> STR_1(21), 
 Auto vars:     Size  Location     Type
		None
 Return value:  Size  Location     Type
                  1    wreg      void 
 Registers used:
		wreg, fsr0l, fsr0h, status,2, status,0, btemp+1, pclath, cstack
 Tracked objects:
		On entry : 
		On exit  : 
		Unchanged: 
 Data sizes:     COMMON   BANK0   BANK1   BANK3   BANK2
      Params:         0       6       0       0       0
      Locals:         0       0       0       0       0
      Temps:          0       2       0       0       0
      Totals:         0       8       0       0       0
Total ram usage:        8 bytes
 Hardware stack levels used:    1
 Hardware stack levels required when called:    4
 This function calls:
		_LCD_command
		_LCD_date
 This function is called by:
		_main
		_Seleccion_Modo
		_Lcd_PTM
		_Lcd_PPAR
		_E_Task1_Rpm
		_E_Task1_Pwm
		_E_Task1_Min
		_E_Task1_Temp
		_Task3
 This function uses a non-reentrant model


 *************** function _LCD_init *****************
 Defined at:
		line 6 in file "LCD_control.c"
 Parameters:    Size  Location     Type
		None
 Auto vars:     Size  Location     Type
  i               1    4[BANK0 ] unsigned char 
 Return value:  Size  Location     Type
                  1    wreg      void 
 Registers used:
		wreg, status,2, status,0, btemp+1, pclath, cstack
 Tracked objects:
		On entry : 
		On exit  : 
		Unchanged: 
 Data sizes:     COMMON   BANK0   BANK1   BANK3   BANK2
      Params:         0       0       0       0       0
      Locals:         0       1       0       0       0
      Temps:          0       2       0       0       0
      Totals:         0       3       0       0       0
Total ram usage:        3 bytes
 Hardware stack levels used:    1
 Hardware stack levels required when called:    4
 This function calls:
		_LCD_command
 This function is called by:
		_main
 This function uses a non-reentrant model


 *************** function _LCD_character *****************
 Defined at:
		line 161 in file "LCD_control.c"
 Parameters:    Size  Location     Type
  adress          1    wreg     unsigned char 
  caracter        1    2[BANK0 ] PTR unsigned char 
		 -> main@caracter(8), main@caracter1(8), 
 Auto vars:     Size  Location     Type
  adress          1    4[BANK0 ] unsigned char 
  i               1    5[BANK0 ] unsigned char 
 Return value:  Size  Location     Type
                  1    wreg      void 
 Registers used:
		wreg, fsr0l, fsr0h, status,2, status,0, btemp+1, pclath, cstack
 Tracked objects:
		On entry : 
		On exit  : 
		Unchanged: 
 Data sizes:     COMMON   BANK0   BANK1   BANK3   BANK2
      Params:         0       1       0       0       0
      Locals:         0       2       0       0       0
      Temps:          0       1       0       0       0
      Totals:         0       4       0       0       0
Total ram usage:        4 bytes
 Hardware stack levels used:    1
 Hardware stack levels required when called:    4
 This function calls:
		_LCD_command
		_LCD_date
 This function is called by:
		_main
 This function uses a non-reentrant model


 *************** function _LCD_date *****************
 Defined at:
		line 61 in file "LCD_control.c"
 Parameters:    Size  Location     Type
  date            1    wreg     unsigned char 
 Auto vars:     Size  Location     Type
  date            1    5[COMMON] unsigned char 
 Return value:  Size  Location     Type
                  1    wreg      void 
 Registers used:
		wreg, status,2, status,0, btemp+1, pclath, cstack
 Tracked objects:
		On entry : 
		On exit  : 
		Unchanged: 
 Data sizes:     COMMON   BANK0   BANK1   BANK3   BANK2
      Params:         0       0       0       0       0
      Locals:         1       0       0       0       0
      Temps:          0       2       0       0       0
      Totals:         1       2       0       0       0
Total ram usage:        3 bytes
 Hardware stack levels used:    1
 Hardware stack levels required when called:    3
 This function calls:
		_LCD_E
 This function is called by:
		_Lcd_PTM
		_Lcd_PPAR
		_LCD_array
		_LCD_character
 This function uses a non-reentrant model


 *************** function _LCD_command *****************
 Defined at:
		line 37 in file "LCD_control.c"
 Parameters:    Size  Location     Type
  cmd             1    wreg     unsigned char 
 Auto vars:     Size  Location     Type
  cmd             1    5[COMMON] unsigned char 
 Return value:  Size  Location     Type
                  1    wreg      void 
 Registers used:
		wreg, status,2, status,0, btemp+1, pclath, cstack
 Tracked objects:
		On entry : 
		On exit  : 
		Unchanged: 
 Data sizes:     COMMON   BANK0   BANK1   BANK3   BANK2
      Params:         0       0       0       0       0
      Locals:         1       0       0       0       0
      Temps:          0       2       0       0       0
      Totals:         1       2       0       0       0
Total ram usage:        3 bytes
 Hardware stack levels used:    1
 Hardware stack levels required when called:    3
 This function calls:
		_LCD_E
 This function is called by:
		_main
		_Seleccion_Modo
		_MP_Pulv
		_Lcd_PTM
		_LCD_init
		_LCD_array
		_LCD_xy
		_LCD_character
 This function uses a non-reentrant model


 *************** function _LCD_E *****************
 Defined at:
		line 87 in file "LCD_control.c"
 Parameters:    Size  Location     Type
		None
 Auto vars:     Size  Location     Type
		None
 Return value:  Size  Location     Type
                  1    wreg      void 
 Registers used:
		wreg
 Tracked objects:
		On entry : 
		On exit  : 
		Unchanged: 
 Data sizes:     COMMON   BANK0   BANK1   BANK3   BANK2
      Params:         0       0       0       0       0
      Locals:         0       0       0       0       0
      Temps:          1       0       0       0       0
      Totals:         1       0       0       0       0
Total ram usage:        1 bytes
 Hardware stack levels used:    1
 Hardware stack levels required when called:    2
 This function calls:
		Nothing
 This function is called by:
		_LCD_command
		_LCD_date
 This function uses a non-reentrant model


 *************** function _Adc_init *****************
 Defined at:
		line 3 in file "ADC.c"
 Parameters:    Size  Location     Type
		None
 Auto vars:     Size  Location     Type
		None
 Return value:  Size  Location     Type
                  1    wreg      void 
 Registers used:
		wreg, status,2, status,0
 Tracked objects:
		On entry : 
		On exit  : 
		Unchanged: 
 Data sizes:     COMMON   BANK0   BANK1   BANK3   BANK2
      Params:         0       0       0       0       0
      Locals:         0       0       0       0       0
      Temps:          0       0       0       0       0
      Totals:         0       0       0       0       0
Total ram usage:        0 bytes
 Hardware stack levels used:    1
 Hardware stack levels required when called:    2
 This function calls:
		Nothing
 This function is called by:
		_main
 This function uses a non-reentrant model


 *************** function _ISR *****************
 Defined at:
		line 364 in file "Main.c"
 Parameters:    Size  Location     Type
		None
 Auto vars:     Size  Location     Type
  f_pwmS1         1    3[COMMON] _Bool 
 Return value:  Size  Location     Type
                  1    wreg      void 
 Registers used:
		wreg, status,2, status,0, btemp+1, pclath, cstack
 Tracked objects:
		On entry : 
		On exit  : 
		Unchanged: 
 Data sizes:     COMMON   BANK0   BANK1   BANK3   BANK2
      Params:         0       0       0       0       0
      Locals:         1       0       0       0       0
      Temps:          3       0       0       0       0
      Totals:         4       0       0       0       0
Total ram usage:        4 bytes
 Hardware stack levels used:    1
 Hardware stack levels required when called:    1
 This function calls:
		_Pwm_Signal
		_Task_Ready
 This function is called by:
		Interrupt level 1
 This function uses a non-reentrant model


 *************** function _Task_Ready *****************
 Defined at:
		line 415 in file "Main.c"
 Parameters:    Size  Location     Type
		None
 Auto vars:     Size  Location     Type
		None
 Return value:  Size  Location     Type
                  1    wreg      void 
 Registers used:
		wreg, status,2, status,0, btemp+1
 Tracked objects:
		On entry : 
		On exit  : 
		Unchanged: 
 Data sizes:     COMMON   BANK0   BANK1   BANK3   BANK2
      Params:         0       0       0       0       0
      Locals:         0       0       0       0       0
      Temps:          0       0       0       0       0
      Totals:         0       0       0       0       0
Total ram usage:        0 bytes
 Hardware stack levels used:    1
 This function calls:
		Nothing
 This function is called by:
		_ISR
 This function uses a non-reentrant model


 *************** function _Pwm_Signal *****************
 Defined at:
		line 87 in file "Pwm_Soft.c"
 Parameters:    Size  Location     Type
		None
 Auto vars:     Size  Location     Type
		None
 Return value:  Size  Location     Type
                  1    wreg      void 
 Registers used:
		wreg, status,2
 Tracked objects:
		On entry : 
		On exit  : 
		Unchanged: 
 Data sizes:     COMMON   BANK0   BANK1   BANK3   BANK2
      Params:         0       0       0       0       0
      Locals:         0       0       0       0       0
      Temps:          0       0       0       0       0
      Totals:         0       0       0       0       0
Total ram usage:        0 bytes
 Hardware stack levels used:    1
 This function calls:
		Nothing
 This function is called by:
		_ISR
 This function uses a non-reentrant model



MODULE INFORMATION

Module		Function		Class		Link	Load	Size
Task_Control.c
		_E_Task1_Min   		CODE           	04B1	0000	322
		_E_Task1_Rpm   		CODE           	01E0	0000	362
		_E_Task1_Pwm   		CODE           	0C12	0000	169
		_E_Task1_Temp  		CODE           	0A5A	0000	135
		_Task1         		CODE           	0809	0000	89
		_Task2         		CODE           	157E	0000	71
		_Task3         		CODE           	09D8	0000	131

Task_Control.c estimated size: 1279

C:\Program Files (x86)\Microchip\xc8\pic\sources\c90\common\lwtoft.c
		___lwtoft      		CODE           	137E	0000	21

C:\Program Files (x86)\Microchip\xc8\pic\sources\c90\common\lwtoft.c estimated size: 21

C:\Program Files (x86)\Microchip\xc8\pic\sources\c90\common\awtoft.c
		___awtoft      		CODE           	13F7	0000	34

C:\Program Files (x86)\Microchip\xc8\pic\sources\c90\common\awtoft.c estimated size: 34

C:\Program Files (x86)\Microchip\xc8\pic\sources\c90\common\lbtoft.c
		___lbtoft      		CODE           	13C0	0000	28

C:\Program Files (x86)\Microchip\xc8\pic\sources\c90\common\lbtoft.c estimated size: 28

LCD_control.c
		_LCD_character 		CODE           	07D5	0000	44
		_LCD_E         		CODE           	134C	0000	16
		_LCD_init      		CODE           	0958	0000	129
		_LCD_command   		CODE           	1538	0000	71
		_LCD_xy        		CODE           	1466	0000	50
		_LCD_array     		CODE           	16BB	0000	105
		_LCD_date      		CODE           	15C4	0000	73

LCD_control.c estimated size: 488

C:\Program Files (x86)\Microchip\xc8\pic\sources\c90\common\float.c
		___ftpack      		CODE           	1723	0000	109

C:\Program Files (x86)\Microchip\xc8\pic\sources\c90\common\float.c estimated size: 109

C:\Program Files (x86)\Microchip\xc8\pic\sources\c90\common\lwmod.c
		___lwmod       		CODE           	1497	0000	51

C:\Program Files (x86)\Microchip\xc8\pic\sources\c90\common\lwmod.c estimated size: 51

C:\Program Files (x86)\Microchip\xc8\pic\sources\c90\common\doprnt.c
		_sprintf       		CODE           	002F	0000	434

C:\Program Files (x86)\Microchip\xc8\pic\sources\c90\common\doprnt.c estimated size: 434

C:\Program Files (x86)\Microchip\xc8\pic\sources\c90\common\isdigit.c
		_isdigit       		CODE           	133E	0000	15

C:\Program Files (x86)\Microchip\xc8\pic\sources\c90\common\isdigit.c estimated size: 15

C:\Program Files (x86)\Microchip\xc8\pic\sources\c90\common\ftmul.c
		___ftmul       		CODE           	0CBA	0000	180

C:\Program Files (x86)\Microchip\xc8\pic\sources\c90\common\ftmul.c estimated size: 180

C:\Program Files (x86)\Microchip\xc8\pic\sources\c90\common\ftdiv.c
		___ftdiv       		CODE           	0AE0	0000	153

C:\Program Files (x86)\Microchip\xc8\pic\sources\c90\common\ftdiv.c estimated size: 153

Pwm_Soft.c
		_Pwm1_stop     		CODE           	1330	0000	15
		_Pwm1          		CODE           	1656	0000	102
		_Pwm_init      		CODE           	13A9	0000	24
		_Pwm1_init     		CODE           	178F	0000	114
		_Pwm_Signal    		CODE           	1392	0000	24

Pwm_Soft.c estimated size: 279

C:\Program Files (x86)\Microchip\xc8\pic\sources\c90\common\lwdiv.c
		___lwdiv       		CODE           	14FC	0000	61

C:\Program Files (x86)\Microchip\xc8\pic\sources\c90\common\lwdiv.c estimated size: 61

C:\Program Files (x86)\Microchip\xc8\pic\sources\c90\common\Umul16.c
		___wmul        		CODE           	1418	0000	34

C:\Program Files (x86)\Microchip\xc8\pic\sources\c90\common\Umul16.c estimated size: 34

Main.c
		_MP_Pulv       		CODE           	0B78	0000	155
		_Seleccion_Modo		CODE           	0E33	0000	201
		_Lcd_PTM       		CODE           	0349	0000	361
		_ISR           		CODE           	0D6D	0000	199
		_Task_Ready    		CODE           	14C9	0000	52
		_main          		CODE           	05F2	0000	270
		_Lcd_PPAR      		CODE           	08DC	0000	125
		_antirrebote   		CODE           	1439	0000	46

Main.c estimated size: 1409

shared
		__stringtab    		STRING         	0700	0000	17
		_dpowers       		STRING         	0710	0000	11
		__initialization		CODE           	0013	0000	25

shared estimated size: 53

ADC.c
		_Adc           		CODE           	160C	0000	75
		_Adc_init      		CODE           	13DB	0000	29

ADC.c estimated size: 104

C:\Program Files (x86)\Microchip\xc8\pic\sources\c90\common\fttol.c
		___fttol       		CODE           	0861	0000	124

C:\Program Files (x86)\Microchip\xc8\pic\sources\c90\common\fttol.c estimated size: 124

C:\Program Files (x86)\Microchip\xc8\pic\sources\c90\common\ftadd.c
		___ftadd       		CODE           	0EFB	0000	262

C:\Program Files (x86)\Microchip\xc8\pic\sources\c90\common\ftadd.c estimated size: 262

