Microchip MPLAB XC8 Compiler V2.20

Linker command line:

-W-3 --edf=C:\Program Files (x86)\Microchip\xc8\pic\dat\en_msgs.txt -cn \
  -h+dist/default/production\Probador_Inyectores_Pic16f886.X.production.sym \
  --cmf=dist/default/production\Probador_Inyectores_Pic16f886.X.production.cmf \
  -z -Q16F886 -oC:\Users\aguat\AppData\Local\Temp\s9ho.2 \
  --defsym=__MPLAB_BUILD=1 \
  -Mdist/default/production/Probador_Inyectores_Pic16f886.X.production.map \
  -E1 -ver=XC8 Compiler -ASTACK=0110h-016Fh -pstack=STACK \
  -ACODE=00h-07FFhx4 -ASTRCODE=00h-01FFFh -ASTRING=00h-0FFhx32 \
  -ACONST=00h-0FFhx32 -AENTRY=00h-0FFhx32 -ACOMMON=070h-07Fh \
  -ABANK0=020h-06Fh -ABANK1=0A0h-0EFh -ABANK2=0110h-016Fh \
  -ABANK3=0190h-01EFh -ARAM=020h-06Fh,0A0h-0EFh,0110h-016Fh,0190h-01EFh \
  -AABS1=020h-07Fh,0A0h-0EFh,0110h-016Fh,0190h-01EFh -ASFR0=00h-01Fh \
  -ASFR1=080h-09Fh -ASFR2=0100h-010Fh -ASFR3=0180h-018Fh \
  -ACONFIG=02007h-02008h -DCONFIG=2 -AIDLOC=02000h-02003h -DIDLOC=2 \
  -preset_vec=00h,intentry,init,end_init -ppowerup=CODE -pcinit=CODE \
  -pfunctab=ENTRY -AEEDATA=00h-0FFh/02100h -peeprom_data=EEDATA -DEEDATA=2 \
  -DCODE=2 -DSTRCODE=2 -DSTRING=2 -DCONST=2 -DENTRY=2 -k \
  C:\Users\aguat\AppData\Local\Temp\s9ho.o \
  dist/default/production\Probador_Inyectores_Pic16f886.X.production.o 

Object code version is 3.11

Machine type is 16F886



                Name                               Link     Load   Length Selector   Space Scale
C:\Users\aguat\AppData\Local\Temp\s9ho.o
                end_init                              0        0        3        0       0
                config                             2007     2007        2        0       4
dist/default/production\Probador_Inyectores_Pic16f886.X.production.o
                cinit                               7FB      7FB        5      FF6       0
                config                             2007     2007        2        0       4
                text4                               791      791       13      F22       0
                text3                               7D7      7D7       24      FAE       0
                text2                               78F      78F        2      F1E       0
                text1                               7A4      7A4       17      F48       0
                maintext                            7BB      7BB       1C      F76       0
                cstackCOMMON                         70       70        4       70       1
                bssCOMMON                            74       74        1       70       1

TOTAL           Name                               Link     Load   Length     Space
        CLASS   STACK          

        CLASS   CODE           
                end_init                              0        0        3         0
                cinit                               7FB      7FB        5         0
                text4                               791      791       13         0
                text3                               7D7      7D7       24         0
                text2                               78F      78F        2         0
                text1                               7A4      7A4       17         0
                maintext                            7BB      7BB       1C         0

        CLASS   STRCODE        

        CLASS   STRING         

        CLASS   CONST          

        CLASS   ENTRY          

        CLASS   COMMON         
                cstackCOMMON                         70       70        4         1
                bssCOMMON                            74       74        1         1

        CLASS   BANK0          

        CLASS   BANK1          

        CLASS   BANK2          

        CLASS   BANK3          

        CLASS   RAM            

        CLASS   ABS1           
                abs_s1                               7E       7E        2         1

        CLASS   SFR0           

        CLASS   SFR1           

        CLASS   SFR2           

        CLASS   SFR3           

        CLASS   CONFIG         
                config                             2007     2007        2         4

        CLASS   IDLOC          

        CLASS   EEDATA         



SEGMENTS        Name                           Load    Length   Top    Selector   Space  Class     Delta

                reset_vec                      000000  000003  000003         0       0  CODE        2
                cstackCOMMON                   000070  000005  000075        70       1  COMMON      1
                text2                          00078F  000002  000791       F1E       0  CODE        2
                text4                          000791  000013  0007A4       F22       0  CODE        2
                text1                          0007A4  000017  0007BB       F48       0  CODE        2
                maintext                       0007BB  00001C  0007D7       F76       0  CODE        2
                text3                          0007D7  000024  0007FB       FAE       0  CODE        2
                cinit                          0007FB  000005  000800       FF6       0  CODE        2


UNUSED ADDRESS RANGES

        Name                Unused          Largest block    Delta
        BANK0            0020-006F             50           1
        BANK1            00A0-00EF             50           1
        BANK2            0110-016F             60           1
        BANK3            0190-01EF             60           1
        CODE             0003-078E            78C           2
                         0800-1FFF            800
        COMMON           0075-007D              9           1
        CONST            0003-078E            100           2
                         0800-1FFF            100
        EEDATA           2100-21FF            100           2
        ENTRY            0003-078E            100           2
                         0800-1FFF            100
        IDLOC            2000-2003              4           2
        RAM              0020-006F             50           1
                         00A0-00EF             50
                         0110-016F             60
                         0190-01EF             60
        SFR0             0000-001F             20           1
        SFR1             0080-009F             20           1
        SFR2             0100-010F             10           1
        SFR3             0180-018F             10           1
        STACK            0110-016F             60           1
        STRCODE          0003-078E            78C           2
                         0800-1FFF           1800
        STRING           0003-078E            100           2
                         0800-1FFF            100

                                  Symbol Table

_ANS13                      (abs)        0C4D
_ANSELHbits                 (abs)        0189
_ANSELbits                  (abs)        0188
_Antirrebote                text4        0791
_Estado_Actual              bssCOMMON    0074
_MEF_Actualizacion          text3        07D7
_MEF_Init                   text2        078F
_PORTA                      (abs)        0005
_PORTB                      (abs)        0006
_PORTBbits                  (abs)        0006
_PORTC                      (abs)        0007
_Pines_Init                 text1        07A4
_RB5                        (abs)        0035
_TMR1IE                     (abs)        0460
_TMR1IF                     (abs)        0060
_TRISAbits                  (abs)        0085
_TRISB                      (abs)        0086
_TRISB5                     (abs)        0435
_TRISC                      (abs)        0087
_WDTCONbits                 (abs)        0105
__Habs1                     abs1         0000
__Hbank0                    bank0        0000
__Hbank1                    bank1        0000
__Hbank2                    bank2        0000
__Hbank3                    bank3        0000
__HbssCOMMON                bssCOMMON    0000
__Hcinit                    cinit        0800
__Hclrtext                  clrtext      0000
__Hcode                     code         0000
__Hcommon                   common       0000
__Hconfig                   config       2009
__HcstackCOMMON             cstackCOMMON 0000
__Heeprom_data              eeprom_data  0000
__Hend_init                 end_init     0003
__Hfunctab                  functab      0000
__Hinit                     init         0000
__Hintentry                 intentry     0000
__Hmaintext                 maintext     0000
__Hpowerup                  powerup      0000
__Hram                      ram          0000
__Hreset_vec                reset_vec    0000
__Hsfr0                     sfr0         0000
__Hsfr1                     sfr1         0000
__Hsfr2                     sfr2         0000
__Hsfr3                     sfr3         0000
__Hspace_0                  (abs)        0800
__Hspace_1                  (abs)        0075
__Hspace_2                  (abs)        0000
__Hspace_3                  (abs)        0000
__Hspace_4                  (abs)        4010
__Hstack                    stack        0000
__Hstrings                  strings      0000
__Htext                     text         0000
__Labs1                     abs1         0000
__Lbank0                    bank0        0000
__Lbank1                    bank1        0000
__Lbank2                    bank2        0000
__Lbank3                    bank3        0000
__LbssCOMMON                bssCOMMON    0000
__Lcinit                    cinit        07FB
__Lclrtext                  clrtext      0000
__Lcode                     code         0000
__Lcommon                   common       0000
__Lconfig                   config       0000
__LcstackCOMMON             cstackCOMMON 0000
__Leeprom_data              eeprom_data  0000
__Lend_init                 end_init     0000
__Lfunctab                  functab      0000
__Linit                     init         0000
__Lintentry                 intentry     0000
__Lmaintext                 maintext     0000
__Lpowerup                  powerup      0000
__Lram                      ram          0000
__Lreset_vec                reset_vec    0000
__Lsfr0                     sfr0         0000
__Lsfr1                     sfr1         0000
__Lsfr2                     sfr2         0000
__Lsfr3                     sfr3         0000
__Lspace_0                  (abs)        0000
__Lspace_1                  (abs)        0000
__Lspace_2                  (abs)        0000
__Lspace_3                  (abs)        0000
__Lspace_4                  (abs)        0000
__Lstack                    stack        0000
__Lstrings                  strings      0000
__Ltext                     text         0000
__S0                        (abs)        0800
__S1                        (abs)        0075
__S2                        (abs)        0000
__S3                        (abs)        0000
___int_sp                   stack        0000
___latbits                  (abs)        0002
___sp                       stack        0000
___stackhi                  (abs)        0000
___stacklo                  (abs)        0000
__end_of_Antirrebote        text4        07A4
__end_of_MEF_Actualizacion  text3        07FB
__end_of_MEF_Init           text2        0791
__end_of_Pines_Init         text1        07BB
__end_of__initialization    cinit        07FC
__end_of_main               maintext     07D7
__initialization            cinit        07FB
__pbssCOMMON                bssCOMMON    0074
__pcstackCOMMON             cstackCOMMON 0070
__pmaintext                 maintext     07BB
__ptext1                    text1        07A4
__ptext2                    text2        078F
__ptext3                    text3        07D7
__ptext4                    text4        0791
__size_of_Antirrebote       (abs)        0000
__size_of_MEF_Actualizacion (abs)        0000
__size_of_MEF_Init          (abs)        0000
__size_of_Pines_Init        (abs)        0000
__size_of_main              (abs)        0000
_main                       maintext     07BB
btemp                       (abs)        007E
end_of_initialization       cinit        07FC
intlevel0                   functab      0000
intlevel1                   functab      0000
intlevel2                   functab      0000
intlevel3                   functab      0000
intlevel4                   functab      0000
intlevel5                   functab      0000
reset_vec                   reset_vec    0000
start                       init         0000
start_initialization        cinit        07FB
wtemp0                      (abs)        007E


FUNCTION INFORMATION:

 *************** function _main *****************
 Defined at:
		line 34 in file "Main.c"
 Parameters:    Size  Location     Type
		None
 Auto vars:     Size  Location     Type
		None
 Return value:  Size  Location     Type
                  1    wreg      void 
 Registers used:
		wreg, fsr0l, fsr0h, status,2, status,0, btemp+1, pclath, cstack
 Tracked objects:
		On entry : 
		On exit  : 
		Unchanged: 
 Data sizes:     COMMON   BANK0   BANK1   BANK3   BANK2
      Params:         0       0       0       0       0
      Locals:         0       0       0       0       0
      Temps:          0       0       0       0       0
      Totals:         0       0       0       0       0
Total ram usage:        0 bytes
 Hardware stack levels required when called:    2
 This function calls:
		_MEF_Actualizacion
		_MEF_Init
		_Pines_Init
 This function is called by:
		Startup code after reset
 This function uses a non-reentrant model


 *************** function _Pines_Init *****************
 Defined at:
		line 81 in file "Main.c"
 Parameters:    Size  Location     Type
		None
 Auto vars:     Size  Location     Type
		None
 Return value:  Size  Location     Type
                  1    wreg      void 
 Registers used:
		wreg, status,2
 Tracked objects:
		On entry : 
		On exit  : 
		Unchanged: 
 Data sizes:     COMMON   BANK0   BANK1   BANK3   BANK2
      Params:         0       0       0       0       0
      Locals:         0       0       0       0       0
      Temps:          0       0       0       0       0
      Totals:         0       0       0       0       0
Total ram usage:        0 bytes
 Hardware stack levels used:    1
 This function calls:
		Nothing
 This function is called by:
		_main
 This function uses a non-reentrant model


 *************** function _MEF_Init *****************
 Defined at:
		line 55 in file "Main.c"
 Parameters:    Size  Location     Type
		None
 Auto vars:     Size  Location     Type
		None
 Return value:  Size  Location     Type
                  1    wreg      void 
 Registers used:
		status,2
 Tracked objects:
		On entry : 
		On exit  : 
		Unchanged: 
 Data sizes:     COMMON   BANK0   BANK1   BANK3   BANK2
      Params:         0       0       0       0       0
      Locals:         0       0       0       0       0
      Temps:          0       0       0       0       0
      Totals:         0       0       0       0       0
Total ram usage:        0 bytes
 Hardware stack levels used:    1
 This function calls:
		Nothing
 This function is called by:
		_main
 This function uses a non-reentrant model


 *************** function _MEF_Actualizacion *****************
 Defined at:
		line 62 in file "Main.c"
 Parameters:    Size  Location     Type
		None
 Auto vars:     Size  Location     Type
		None
 Return value:  Size  Location     Type
                  1    wreg      void 
 Registers used:
		wreg, fsr0l, fsr0h, status,2, status,0, btemp+1, pclath, cstack
 Tracked objects:
		On entry : 
		On exit  : 
		Unchanged: 
 Data sizes:     COMMON   BANK0   BANK1   BANK3   BANK2
      Params:         0       0       0       0       0
      Locals:         0       0       0       0       0
      Temps:          2       0       0       0       0
      Totals:         2       0       0       0       0
Total ram usage:        2 bytes
 Hardware stack levels used:    1
 Hardware stack levels required when called:    1
 This function calls:
		_Antirrebote
 This function is called by:
		_main
 This function uses a non-reentrant model


 *************** function _Antirrebote *****************
 Defined at:
		line 104 in file "Main.c"
 Parameters:    Size  Location     Type
		None
 Auto vars:     Size  Location     Type
		None
 Return value:  Size  Location     Type
                  1    wreg      void 
 Registers used:
		wreg
 Tracked objects:
		On entry : 
		On exit  : 
		Unchanged: 
 Data sizes:     COMMON   BANK0   BANK1   BANK3   BANK2
      Params:         0       0       0       0       0
      Locals:         0       0       0       0       0
      Temps:          2       0       0       0       0
      Totals:         2       0       0       0       0
Total ram usage:        2 bytes
 Hardware stack levels used:    1
 This function calls:
		Nothing
 This function is called by:
		_MEF_Actualizacion
 This function uses a non-reentrant model



MODULE INFORMATION

Module		Function		Class		Link	Load	Size
Main.c
		_MEF_Init      		CODE           	078F	0000	3
		_Pines_Init    		CODE           	07A4	0000	24
		_main          		CODE           	07BB	0000	29
		_Antirrebote   		CODE           	0791	0000	20
		_MEF_Actualizacion		CODE           	07D7	0000	37

Main.c estimated size: 113

shared
		__initialization		CODE           	07FB	0000	2

shared estimated size: 2

